Archive member included to satisfy reference by file (symbol)

//home/eddie/MaximSDK/Libraries/PeriphDrivers/bin/MAX32655/softfp/libPeriphDriver_softfp.a(mxc_delay.o)
                              /home/eddie/Documents/MAX32655_uCShell/MAX_uCShell_FreeRTOS_ex/build/tft.o (MXC_Delay)
//home/eddie/MaximSDK/Libraries/PeriphDrivers/bin/MAX32655/softfp/libPeriphDriver_softfp.a(sys_me17.o)
                              /home/eddie/Documents/MAX32655_uCShell/MAX_uCShell_FreeRTOS_ex/build/board.o (MXC_SYS_ClockEnable)
//home/eddie/MaximSDK/Libraries/PeriphDrivers/bin/MAX32655/softfp/libPeriphDriver_softfp.a(nvic_table.o)
                              /home/eddie/Documents/MAX32655_uCShell/MAX_uCShell_FreeRTOS_ex/build/main.o (NVIC_SetVector)
//home/eddie/MaximSDK/Libraries/PeriphDrivers/bin/MAX32655/softfp/libPeriphDriver_softfp.a(aes_me17.o)
                              //home/eddie/MaximSDK/Libraries/PeriphDrivers/bin/MAX32655/softfp/libPeriphDriver_softfp.a(sys_me17.o) (MXC_AES_Init)
//home/eddie/MaximSDK/Libraries/PeriphDrivers/bin/MAX32655/softfp/libPeriphDriver_softfp.a(aes_revb.o)
                              //home/eddie/MaximSDK/Libraries/PeriphDrivers/bin/MAX32655/softfp/libPeriphDriver_softfp.a(aes_me17.o) (MXC_AES_RevB_IsBusy)
//home/eddie/MaximSDK/Libraries/PeriphDrivers/bin/MAX32655/softfp/libPeriphDriver_softfp.a(dma_me17.o)
                              //home/eddie/MaximSDK/Libraries/PeriphDrivers/bin/MAX32655/softfp/libPeriphDriver_softfp.a(aes_revb.o) (MXC_DMA_Init)
//home/eddie/MaximSDK/Libraries/PeriphDrivers/bin/MAX32655/softfp/libPeriphDriver_softfp.a(dma_reva.o)
                              //home/eddie/MaximSDK/Libraries/PeriphDrivers/bin/MAX32655/softfp/libPeriphDriver_softfp.a(dma_me17.o) (MXC_DMA_RevA_Init)
//home/eddie/MaximSDK/Libraries/PeriphDrivers/bin/MAX32655/softfp/libPeriphDriver_softfp.a(flc_me17.o)
                              //home/eddie/MaximSDK/Libraries/PeriphDrivers/bin/MAX32655/softfp/libPeriphDriver_softfp.a(sys_me17.o) (MXC_FLC_UnlockInfoBlock)
//home/eddie/MaximSDK/Libraries/PeriphDrivers/bin/MAX32655/softfp/libPeriphDriver_softfp.a(flc_revb.o)
                              //home/eddie/MaximSDK/Libraries/PeriphDrivers/bin/MAX32655/softfp/libPeriphDriver_softfp.a(flc_me17.o) (MXC_FLC_RevB_Busy)
//home/eddie/MaximSDK/Libraries/PeriphDrivers/bin/MAX32655/softfp/libPeriphDriver_softfp.a(gpio_me17.o)
                              /home/eddie/Documents/MAX32655_uCShell/MAX_uCShell_FreeRTOS_ex/build/led.o (MXC_GPIO_Config)
//home/eddie/MaximSDK/Libraries/PeriphDrivers/bin/MAX32655/softfp/libPeriphDriver_softfp.a(gpio_reva.o)
                              //home/eddie/MaximSDK/Libraries/PeriphDrivers/bin/MAX32655/softfp/libPeriphDriver_softfp.a(gpio_me17.o) (MXC_GPIO_RevA_InGet)
//home/eddie/MaximSDK/Libraries/PeriphDrivers/bin/MAX32655/softfp/libPeriphDriver_softfp.a(icc_me17.o)
                              /home/eddie/Documents/MAX32655_uCShell/MAX_uCShell_FreeRTOS_ex/build/system_max32655.o (MXC_ICC_Enable)
//home/eddie/MaximSDK/Libraries/PeriphDrivers/bin/MAX32655/softfp/libPeriphDriver_softfp.a(icc_reva.o)
                              //home/eddie/MaximSDK/Libraries/PeriphDrivers/bin/MAX32655/softfp/libPeriphDriver_softfp.a(icc_me17.o) (MXC_ICC_RevA_ID)
//home/eddie/MaximSDK/Libraries/PeriphDrivers/bin/MAX32655/softfp/libPeriphDriver_softfp.a(spi_me17.o)
                              /home/eddie/Documents/MAX32655_uCShell/MAX_uCShell_FreeRTOS_ex/build/tft.o (MXC_SPI_Init)
//home/eddie/MaximSDK/Libraries/PeriphDrivers/bin/MAX32655/softfp/libPeriphDriver_softfp.a(spi_reva.o)
                              //home/eddie/MaximSDK/Libraries/PeriphDrivers/bin/MAX32655/softfp/libPeriphDriver_softfp.a(spi_me17.o) (MXC_SPI_RevA_Init)
//home/eddie/MaximSDK/Libraries/PeriphDrivers/bin/MAX32655/softfp/libPeriphDriver_softfp.a(trng_revb.o)
                              //home/eddie/MaximSDK/Libraries/PeriphDrivers/bin/MAX32655/softfp/libPeriphDriver_softfp.a(aes_me17.o) (MXC_TRNG_RevB_GenerateKey)
//home/eddie/MaximSDK/Libraries/PeriphDrivers/bin/MAX32655/softfp/libPeriphDriver_softfp.a(uart_me17.o)
                              /home/eddie/Documents/MAX32655_uCShell/MAX_uCShell_FreeRTOS_ex/build/board.o (MXC_UART_Shutdown)
//home/eddie/MaximSDK/Libraries/PeriphDrivers/bin/MAX32655/softfp/libPeriphDriver_softfp.a(uart_revb.o)
                              //home/eddie/MaximSDK/Libraries/PeriphDrivers/bin/MAX32655/softfp/libPeriphDriver_softfp.a(uart_me17.o) (MXC_UART_RevB_Init)
//home/eddie/MaximSDK/Libraries/PeriphDrivers/bin/MAX32655/softfp/libPeriphDriver_softfp.a(mxc_lock.o)
                              //home/eddie/MaximSDK/Libraries/PeriphDrivers/bin/MAX32655/softfp/libPeriphDriver_softfp.a(dma_reva.o) (MXC_GetLock)
//home/eddie/MaximSDK/Libraries/PeriphDrivers/bin/MAX32655/softfp/libPeriphDriver_softfp.a(pins_me17.o)
                              //home/eddie/MaximSDK/Libraries/PeriphDrivers/bin/MAX32655/softfp/libPeriphDriver_softfp.a(uart_me17.o) (gpio_cfg_uart3)
[...]
Memory Configuration

Name             Origin             Length             Attributes
ROM              0x0000000000000000 0x0000000000010000 xr
FLASH            0x0000000010000000 0x0000000000080000 xr
PAL_NVM_DB       0x0000000010080000 0x0000000000000000 r
RISCV_FLASH      0x0000000010080000 0x0000000000000000 xr
SRAM             0x0000000020000000 0x0000000000020000 xrw
MAILBOX_0        0x0000000020020000 0x0000000000000000 rw
MAILBOX_1        0x0000000020020000 0x0000000000000000 rw
RISCV_SRAM       0x0000000020020000 0x0000000000000000 xrw
*default*        0x0000000000000000 0xffffffffffffffff

Linker script and memory map

LOAD /home/eddie/MaximSDK/Tools/GNUTools/bin/../lib/gcc/arm-none-eabi/9.2.1/thumb/v7e-m+fp/softfp/crti.o
LOAD /home/eddie/MaximSDK/Tools/GNUTools/bin/../lib/gcc/arm-none-eabi/9.2.1/thumb/v7e-m+fp/softfp/crtbegin.o
LOAD /home/eddie/MaximSDK/Tools/GNUTools/bin/../lib/gcc/arm-none-eabi/9.2.1/../../../../arm-none-eabi/lib/thumb/v7e-m+fp/softfp/crt0.o
LOAD /home/eddie/Documents/MAX32655_uCShell/MAX_uCShell_FreeRTOS_ex/build/main.o
LOAD /home/eddie/Documents/MAX32655_uCShell/MAX_uCShell_FreeRTOS_ex/build/board.o
LOAD /home/eddie/Documents/MAX32655_uCShell/MAX_uCShell_FreeRTOS_ex/build/stdio.o
LOAD /home/eddie/Documents/MAX32655_uCShell/MAX_uCShell_FreeRTOS_ex/build/led.o
LOAD /home/eddie/Documents/MAX32655_uCShell/MAX_uCShell_FreeRTOS_ex/build/pb.o
LOAD /home/eddie/Documents/MAX32655_uCShell/MAX_uCShell_FreeRTOS_ex/build/tft.o
LOAD /home/eddie/Documents/MAX32655_uCShell/MAX_uCShell_FreeRTOS_ex/build/touchscreen.o
LOAD /home/eddie/Documents/MAX32655_uCShell/MAX_uCShell_FreeRTOS_ex/build/startup_max32655.o
LOAD /home/eddie/Documents/MAX32655_uCShell/MAX_uCShell_FreeRTOS_ex/build/heap.o
LOAD /home/eddie/Documents/MAX32655_uCShell/MAX_uCShell_FreeRTOS_ex/build/system_max32655.o
START GROUP
LOAD //home/eddie/MaximSDK/Libraries/PeriphDrivers/bin/MAX32655/softfp/libPeriphDriver_softfp.a
LOAD /home/eddie/MaximSDK/Tools/GNUTools/bin/../lib/gcc/arm-none-eabi/9.2.1/../../../../arm-none-eabi/lib/thumb/v7e-m+fp/softfp/libc.a
LOAD /home/eddie/MaximSDK/Tools/GNUTools/bin/../lib/gcc/arm-none-eabi/9.2.1/../../../../arm-none-eabi/lib/thumb/v7e-m+fp/softfp/libm.a
LOAD /home/eddie/MaximSDK/Tools/GNUTools/bin/../lib/gcc/arm-none-eabi/9.2.1/../../../../arm-none-eabi/lib/thumb/v7e-m+fp/softfp/libnosys.a
END GROUP
START GROUP
LOAD /home/eddie/MaximSDK/Tools/GNUTools/bin/../lib/gcc/arm-none-eabi/9.2.1/thumb/v7e-m+fp/softfp/libgcc.a
LOAD /home/eddie/MaximSDK/Tools/GNUTools/bin/../lib/gcc/arm-none-eabi/9.2.1/../../../../arm-none-eabi/lib/thumb/v7e-m+fp/softfp/libc.a
END GROUP
LOAD /home/eddie/MaximSDK/Tools/GNUTools/bin/../lib/gcc/arm-none-eabi/9.2.1/thumb/v7e-m+fp/softfp/crtend.o
LOAD /home/eddie/MaximSDK/Tools/GNUTools/bin/../lib/gcc/arm-none-eabi/9.2.1/thumb/v7e-m+fp/softfp/crtn.o
                0x0000000000080000                FLASH_MEM_SIZE = (_ARM_FLASH_SIZE - _PAL_NVM_SIZE)
                0x0000000010080000                PAL_NVM_ORIGIN = ((_ARM_FLASH_SIZE - _PAL_NVM_SIZE) + _ARM_FLASH_ORIGIN)
                0x0000000010080000                RISCV_FLASH_ORIGIN = (PAL_NVM_ORIGIN + _PAL_NVM_SIZE)
                0x0000000000000000                RISCV_FLASH_SIZE = (_FLASH_SIZE - _ARM_FLASH_SIZE)
                0x0000000020020000                MAILBOX_ORIGIN = (_ARM_SRAM_ORIGIN + _ARM_SRAM_SIZE)
                0x0000000020020000                RISCV_SRAM_ORIGIN = (MAILBOX_ORIGIN + (0x2 * _MAILBOX_SIZE))
                0x0000000000000000                RISCV_SRAM_SIZE = ((_SRAM_SIZE - _ARM_SRAM_SIZE) - (0x2 * _MAILBOX_SIZE))

.rom
 *(.rom_vector)
 *(.rom_handlers*)

.text           0x0000000010000000     0x84bc
                0x0000000010000000                _text = .
 *(.isr_vector)
 .isr_vector    0x0000000010000000      0x1d0 /home/eddie/Documents/MAX32655_uCShell/MAX_uCShell_FreeRTOS_ex/build/startup_max32655.o
                0x0000000010000000                __isr_vector
 EXCLUDE_FILE(*riscv.o) *(.text*)
 .text          0x00000000100001d0       0x40 /home/eddie/MaximSDK/Tools/GNUTools/bin/../lib/gcc/arm-none-eabi/9.2.1/thumb/v7e-m+fp/softfp/crtbegin.o
 .text.readCallback
                0x0000000010000210        0xc /home/eddie/Documents/MAX32655_uCShell/MAX_uCShell_FreeRTOS_ex/build/main.o
                0x0000000010000210                readCallback
 .text.UART2_Handler
                0x000000001000021c        0xc /home/eddie/Documents/MAX32655_uCShell/MAX_uCShell_FreeRTOS_ex/build/main.o
                0x000000001000021c                UART2_Handler
 .text.startup.main
                0x0000000010000228      0x1d4 /home/eddie/Documents/MAX32655_uCShell/MAX_uCShell_FreeRTOS_ex/build/main.o
                0x0000000010000228                main
 .text.mxc_assert
                0x00000000100003fc       0x10 /home/eddie/Documents/MAX32655_uCShell/MAX_uCShell_FreeRTOS_ex/build/board.o
                0x00000000100003fc                mxc_assert
 .text.Console_Init
                0x000000001000040c       0x14 /home/eddie/Documents/MAX32655_uCShell/MAX_uCShell_FreeRTOS_ex/build/board.o
                0x000000001000040c                Console_Init
 .text.Board_Init
                0x0000000010000420       0x40 /home/eddie/Documents/MAX32655_uCShell/MAX_uCShell_FreeRTOS_ex/build/board.o
                0x0000000010000420                Board_Init
 .text.NMI_Handler
                0x0000000010000460       0x10 /home/eddie/Documents/MAX32655_uCShell/MAX_uCShell_FreeRTOS_ex/build/board.o
                0x0000000010000460                NMI_Handler
 .text.HardFault_Handler
                0x0000000010000470       0x10 /home/eddie/Documents/MAX32655_uCShell/MAX_uCShell_FreeRTOS_ex/build/board.o
                0x0000000010000470                HardFault_Handler
 .text._close   0x0000000010000480        0x6 /home/eddie/Documents/MAX32655_uCShell/MAX_uCShell_FreeRTOS_ex/build/stdio.o
                0x0000000010000480                _close
 .text._isatty  0x0000000010000486        0x6 /home/eddie/Documents/MAX32655_uCShell/MAX_uCShell_FreeRTOS_ex/build/stdio.o
                0x0000000010000486                _isatty
 .text._lseek   0x000000001000048c        0x6 /home/eddie/Documents/MAX32655_uCShell/MAX_uCShell_FreeRTOS_ex/build/stdio.o
                0x000000001000048c                _lseek
 .text._fstat   0x0000000010000492        0x6 /home/eddie/Documents/MAX32655_uCShell/MAX_uCShell_FreeRTOS_ex/build/stdio.o
                0x0000000010000492                _fstat
 .text._read    0x0000000010000498       0x54 /home/eddie/Documents/MAX32655_uCShell/MAX_uCShell_FreeRTOS_ex/build/stdio.o
                0x0000000010000498                _read
 .text._write   0x00000000100004ec       0x50 /home/eddie/Documents/MAX32655_uCShell/MAX_uCShell_FreeRTOS_ex/build/stdio.o
                0x00000000100004ec                _write
 .text.LED_On   0x000000001000053c       0x3c /home/eddie/Documents/MAX32655_uCShell/MAX_uCShell_FreeRTOS_ex/build/led.o
                0x000000001000053c                LED_On
 .text.LED_Off  0x0000000010000578       0x3c /home/eddie/Documents/MAX32655_uCShell/MAX_uCShell_FreeRTOS_ex/build/led.o
                0x0000000010000578                LED_Off
 .text.LED_Init
                0x00000000100005b4       0x40 /home/eddie/Documents/MAX32655_uCShell/MAX_uCShell_FreeRTOS_ex/build/led.o
                0x00000000100005b4                LED_Init
 .text.PB_Init  0x00000000100005f4       0x38 /home/eddie/Documents/MAX32655_uCShell/MAX_uCShell_FreeRTOS_ex/build/pb.o
                0x00000000100005f4                PB_Init
 .text.GPIO0_IRQHandler
                0x000000001000062c        0x6 /home/eddie/Documents/MAX32655_uCShell/MAX_uCShell_FreeRTOS_ex/build/pb.o
                0x000000001000062c                GPIO0_IRQHandler
 .text.GPIO1_IRQHandler
                0x0000000010000632        0x6 /home/eddie/Documents/MAX32655_uCShell/MAX_uCShell_FreeRTOS_ex/build/pb.o
                0x0000000010000632                GPIO1_IRQHandler
 .text          0x0000000010000638      0x140 /home/eddie/Documents/MAX32655_uCShell/MAX_uCShell_FreeRTOS_ex/build/startup_max32655.o
                0x0000000010000638                Reset_Handler
                0x0000000010000678                MemManage_Handler
                0x000000001000067a                BusFault_Handler
                0x000000001000067c                UsageFault_Handler
                0x000000001000067e                SVC_Handler
                0x0000000010000680                DebugMon_Handler
                0x0000000010000682                PendSV_Handler
                0x0000000010000684                SysTick_Handler
                0x0000000010000686                Default_Handler
                0x0000000010000688                PF_IRQHandler
                0x000000001000068a                WDT0_IRQHandler
                0x000000001000068c                RSV02_IRQHandler
                0x000000001000068e                RTC_IRQHandler
                0x0000000010000690                TRNG_IRQHandler
                0x0000000010000692                TMR0_IRQHandler
                0x0000000010000694                TMR1_IRQHandler
                0x0000000010000696                TMR2_IRQHandler
                0x0000000010000698                TMR3_IRQHandler
                0x000000001000069a                TMR4_IRQHandler
                0x000000001000069c                TMR5_IRQHandler
                0x000000001000069e                RSV11_IRQHandler
                0x00000000100006a0                RSV12_IRQHandler
                0x00000000100006a2                I2C0_IRQHandler
                0x00000000100006a4                UART0_IRQHandler
                0x00000000100006a6                UART1_IRQHandler
                0x00000000100006a8                SPI1_IRQHandler
                0x00000000100006aa                RSV17_IRQHandler
                0x00000000100006ac                RSV18_IRQHandler
                0x00000000100006ae                RSV19_IRQHandler
                0x00000000100006b0                ADC_IRQHandler
                0x00000000100006b2                RSV21_IRQHandler
                0x00000000100006b4                RSV22_IRQHandler
                0x00000000100006b6                FLC0_IRQHandler
                0x00000000100006bc                GPIO2_IRQHandler
                0x00000000100006be                RSV27_IRQHandler
                0x00000000100006c0                DMA0_IRQHandler
                0x00000000100006c2                DMA1_IRQHandler
                0x00000000100006c4                DMA2_IRQHandler
                0x00000000100006c6                DMA3_IRQHandler
                0x00000000100006c8                RSV32_IRQHandler
                0x00000000100006ca                RSV33_IRQHandler
                0x00000000100006cc                UART2_IRQHandler
                0x00000000100006ce                RSV35_IRQHandler
                0x00000000100006d0                I2C1_IRQHandler
                0x00000000100006d2                RSV37_IRQHandler
                0x00000000100006d4                RSV38_IRQHandler
                0x00000000100006d6                BTLE_TX_DONE_IRQHandler
                0x00000000100006d8                BTLE_RX_RCVD_IRQHandler
                0x00000000100006da                BTLE_RX_ENG_DET_IRQHandler
                0x00000000100006dc                BTLE_SFD_DET_IRQHandler
                0x00000000100006de                BTLE_SFD_TO_IRQHandler
                0x00000000100006e0                BTLE_GP_EVENT_IRQHandler
                0x00000000100006e2                BTLE_CFO_IRQHandler
                0x00000000100006e4                BTLE_SIG_DET_IRQHandler
                0x00000000100006e6                BTLE_AGC_EVENT_IRQHandler
                0x00000000100006e8                BTLE_RFFE_SPIM_IRQHandler
                0x00000000100006ea                BTLE_TX_AES_IRQHandler
                0x00000000100006ec                BTLE_RX_AES_IRQHandler
                0x00000000100006ee                BTLE_INV_APB_ADDR_IRQHandler
                0x00000000100006f0                BTLE_IQ_DATA_VALID_IRQHandler
                0x00000000100006f2                WUT_IRQHandler
                0x00000000100006f4                GPIOWAKE_IRQHandler
                0x00000000100006f6                RSV55_IRQHandler
                0x00000000100006f8                SPI0_IRQHandler
                0x00000000100006fa                WDT1_IRQHandler
                0x00000000100006fc                RSV57_IRQHandler
                0x00000000100006fe                PT_IRQHandler
                0x0000000010000700                RSV60_IRQHandler
                0x0000000010000702                RSV61_IRQHandler
                0x0000000010000704                I2C2_IRQHandler
                0x0000000010000706                RISCV_IRQHandler
                0x0000000010000708                RSV64_IRQHandler
                0x000000001000070a                RSV65_IRQHandler
                0x000000001000070c                RSV66_IRQHandler
                0x000000001000070e                OWM_IRQHandler
                0x0000000010000710                RSV68_IRQHandler
                0x0000000010000712                RSV69_IRQHandler
                0x0000000010000714                RSV70_IRQHandler
                0x0000000010000716                RSV71_IRQHandler
                0x0000000010000718                RSV72_IRQHandler
                0x000000001000071a                RSV73_IRQHandler
                0x000000001000071c                RSV74_IRQHandler
                0x000000001000071e                RSV75_IRQHandler
                0x0000000010000720                RSV76_IRQHandler
                0x0000000010000722                RSV77_IRQHandler
                0x0000000010000724                RSV78_IRQHandler
                0x0000000010000726                RSV79_IRQHandler
                0x0000000010000728                RSV80_IRQHandler
                0x000000001000072a                RSV81_IRQHandler
                0x000000001000072c                ECC_IRQHandler
                0x000000001000072e                DVS_IRQHandler
                0x0000000010000730                SIMO_IRQHandler
                0x0000000010000732                RSV85_IRQHandler
                0x0000000010000734                RSV86_IRQHandler
                0x0000000010000736                RSV87_IRQHandler
                0x0000000010000738                UART3_IRQHandler
                0x000000001000073a                RSV89_IRQHandler
                0x000000001000073c                RSV90_IRQHandler
                0x000000001000073e                RSV91_IRQHandler
                0x0000000010000740                RSV92_IRQHandler
                0x0000000010000742                RSV93_IRQHandler
                0x0000000010000744                RSV94_IRQHandler
                0x0000000010000746                RSV95_IRQHandler
                0x0000000010000748                RSV96_IRQHandler
                0x000000001000074a                AES_IRQHandler
                0x000000001000074c                CRC_IRQHandler
                0x000000001000074e                I2S_IRQHandler
 .text._sbrk    0x0000000010000778       0x38 /home/eddie/Documents/MAX32655_uCShell/MAX_uCShell_FreeRTOS_ex/build/heap.o
                0x0000000010000778                _sbrk
 .text.SystemCoreClockUpdate
                0x00000000100007b0       0x7c /home/eddie/Documents/MAX32655_uCShell/MAX_uCShell_FreeRTOS_ex/build/system_max32655.o
                0x00000000100007b0                SystemCoreClockUpdate
 .text.PreInit  0x000000001000082c        0x4 /home/eddie/Documents/MAX32655_uCShell/MAX_uCShell_FreeRTOS_ex/build/system_max32655.o
                0x000000001000082c                PreInit
 .text.PalSysInit
                0x0000000010000830        0x2 /home/eddie/Documents/MAX32655_uCShell/MAX_uCShell_FreeRTOS_ex/build/system_max32655.o
                0x0000000010000830                PalSysInit
 *fill*         0x0000000010000832        0x2 
 .text.SystemInit
                0x0000000010000834       0x4c /home/eddie/Documents/MAX32655_uCShell/MAX_uCShell_FreeRTOS_ex/build/system_max32655.o
                0x0000000010000834                SystemInit
 .text.MXC_DelayInit
                0x0000000010000880       0x80 //home/eddie/MaximSDK/Libraries/PeriphDrivers/bin/MAX32655/softfp/libPeriphDriver_softfp.a(mxc_delay.o)
 .text.MXC_DelayAsync
                0x0000000010000900       0x3c //home/eddie/MaximSDK/Libraries/PeriphDrivers/bin/MAX32655/softfp/libPeriphDriver_softfp.a(mxc_delay.o)
                0x0000000010000900                MXC_DelayAsync
 .text.MXC_DelayAbort
                0x000000001000093c       0x34 //home/eddie/MaximSDK/Libraries/PeriphDrivers/bin/MAX32655/softfp/libPeriphDriver_softfp.a(mxc_delay.o)
                0x000000001000093c                MXC_DelayAbort
 .text.MXC_DelayCheck
                0x0000000010000970       0x58 //home/eddie/MaximSDK/Libraries/PeriphDrivers/bin/MAX32655/softfp/libPeriphDriver_softfp.a(mxc_delay.o)
                0x0000000010000970                MXC_DelayCheck
 .text.MXC_SYS_ClockDisable
                0x00000000100009c8       0x44 //home/eddie/MaximSDK/Libraries/PeriphDrivers/bin/MAX32655/softfp/libPeriphDriver_softfp.a(sys_me17.o)
                0x00000000100009c8                MXC_SYS_ClockDisable
 .text.MXC_SYS_ClockEnable
                0x0000000010000a0c       0x4c //home/eddie/MaximSDK/Libraries/PeriphDrivers/bin/MAX32655/softfp/libPeriphDriver_softfp.a(sys_me17.o)
                0x0000000010000a0c                MXC_SYS_ClockEnable
 .text.MXC_SYS_Clock_Timeout
                0x0000000010000a58       0x2e //home/eddie/MaximSDK/Libraries/PeriphDrivers/bin/MAX32655/softfp/libPeriphDriver_softfp.a(sys_me17.o)
                0x0000000010000a58                MXC_SYS_Clock_Timeout
 *fill*         0x0000000010000a86        0x2 
 .text.MXC_SYS_ClockSourceEnable
                0x0000000010000a88       0x80 //home/eddie/MaximSDK/Libraries/PeriphDrivers/bin/MAX32655/softfp/libPeriphDriver_softfp.a(sys_me17.o)
                0x0000000010000a88                MXC_SYS_ClockSourceEnable
 .text.MXC_SYS_Clock_Select
                0x0000000010000b08      0x13c //home/eddie/MaximSDK/Libraries/PeriphDrivers/bin/MAX32655/softfp/libPeriphDriver_softfp.a(sys_me17.o)
                0x0000000010000b08                MXC_SYS_Clock_Select
 .text.MXC_SYS_SetClockDiv
                0x0000000010000c44       0x22 //home/eddie/MaximSDK/Libraries/PeriphDrivers/bin/MAX32655/softfp/libPeriphDriver_softfp.a(sys_me17.o)
                0x0000000010000c44                MXC_SYS_SetClockDiv
 *fill*         0x0000000010000c66        0x2 
 .text.MXC_SYS_Reset_Periph
                0x0000000010000c68       0x4c //home/eddie/MaximSDK/Libraries/PeriphDrivers/bin/MAX32655/softfp/libPeriphDriver_softfp.a(sys_me17.o)
                0x0000000010000c68                MXC_SYS_Reset_Periph
 .text.NVIC_SetRAM
                0x0000000010000cb4       0x24 //home/eddie/MaximSDK/Libraries/PeriphDrivers/bin/MAX32655/softfp/libPeriphDriver_softfp.a(nvic_table.o)
                0x0000000010000cb4                NVIC_SetRAM
 .text.NVIC_SetVector
                0x0000000010000cd8       0x3c //home/eddie/MaximSDK/Libraries/PeriphDrivers/bin/MAX32655/softfp/libPeriphDriver_softfp.a(nvic_table.o)
                0x0000000010000cd8                NVIC_SetVector
 .text.MXC_GPIO_Init
                0x0000000010000d14       0x22 //home/eddie/MaximSDK/Libraries/PeriphDrivers/bin/MAX32655/softfp/libPeriphDriver_softfp.a(gpio_me17.o)
                0x0000000010000d14                MXC_GPIO_Init
 *fill*         0x0000000010000d36        0x2 
 .text.MXC_GPIO_Config
                0x0000000010000d38      0x178 //home/eddie/MaximSDK/Libraries/PeriphDrivers/bin/MAX32655/softfp/libPeriphDriver_softfp.a(gpio_me17.o)
                0x0000000010000d38                MXC_GPIO_Config
 .text.MXC_GPIO_OutSet
                0x0000000010000eb0       0x34 //home/eddie/MaximSDK/Libraries/PeriphDrivers/bin/MAX32655/softfp/libPeriphDriver_softfp.a(gpio_me17.o)
                0x0000000010000eb0                MXC_GPIO_OutSet
 .text.MXC_GPIO_OutClr
                0x0000000010000ee4       0x34 //home/eddie/MaximSDK/Libraries/PeriphDrivers/bin/MAX32655/softfp/libPeriphDriver_softfp.a(gpio_me17.o)
                0x0000000010000ee4                MXC_GPIO_OutClr
 .text.MXC_GPIO_Handler
                0x0000000010000f18        0x4 //home/eddie/MaximSDK/Libraries/PeriphDrivers/bin/MAX32655/softfp/libPeriphDriver_softfp.a(gpio_me17.o)
                0x0000000010000f18                MXC_GPIO_Handler
 .text.MXC_GPIO_ClearFlags
                0x0000000010000f1c        0x4 //home/eddie/MaximSDK/Libraries/PeriphDrivers/bin/MAX32655/softfp/libPeriphDriver_softfp.a(gpio_me17.o)
                0x0000000010000f1c                MXC_GPIO_ClearFlags
 .text.MXC_GPIO_GetFlags
                0x0000000010000f20        0x4 //home/eddie/MaximSDK/Libraries/PeriphDrivers/bin/MAX32655/softfp/libPeriphDriver_softfp.a(gpio_me17.o)
                0x0000000010000f20                MXC_GPIO_GetFlags
 .text.MXC_GPIO_RevA_OutSet
                0x0000000010000f24        0x4 //home/eddie/MaximSDK/Libraries/PeriphDrivers/bin/MAX32655/softfp/libPeriphDriver_softfp.a(gpio_reva.o)
                0x0000000010000f24                MXC_GPIO_RevA_OutSet
 .text.MXC_GPIO_RevA_OutClr
                0x0000000010000f28        0x4 //home/eddie/MaximSDK/Libraries/PeriphDrivers/bin/MAX32655/softfp/libPeriphDriver_softfp.a(gpio_reva.o)
                0x0000000010000f28                MXC_GPIO_RevA_OutClr
 .text.MXC_GPIO_RevA_ClearFlags
                0x0000000010000f2c        0x4 //home/eddie/MaximSDK/Libraries/PeriphDrivers/bin/MAX32655/softfp/libPeriphDriver_softfp.a(gpio_reva.o)
                0x0000000010000f2c                MXC_GPIO_RevA_ClearFlags
 .text.MXC_GPIO_RevA_GetFlags
                0x0000000010000f30        0x4 //home/eddie/MaximSDK/Libraries/PeriphDrivers/bin/MAX32655/softfp/libPeriphDriver_softfp.a(gpio_reva.o)
                0x0000000010000f30                MXC_GPIO_RevA_GetFlags
 .text.MXC_GPIO_RevA_SetVSSEL
                0x0000000010000f34       0x24 //home/eddie/MaximSDK/Libraries/PeriphDrivers/bin/MAX32655/softfp/libPeriphDriver_softfp.a(gpio_reva.o)
                0x0000000010000f34                MXC_GPIO_RevA_SetVSSEL
 .text.MXC_GPIO_RevA_SetAF
                0x0000000010000f58       0x40 //home/eddie/MaximSDK/Libraries/PeriphDrivers/bin/MAX32655/softfp/libPeriphDriver_softfp.a(gpio_reva.o)
                0x0000000010000f58                MXC_GPIO_RevA_SetAF
 .text.MXC_ICC_Enable
                0x0000000010000f98        0x4 //home/eddie/MaximSDK/Libraries/PeriphDrivers/bin/MAX32655/softfp/libPeriphDriver_softfp.a(icc_me17.o)
                0x0000000010000f98                MXC_ICC_Enable
 .text.MXC_ICC_RevA_Enable
                0x0000000010000f9c       0x30 //home/eddie/MaximSDK/Libraries/PeriphDrivers/bin/MAX32655/softfp/libPeriphDriver_softfp.a(icc_reva.o)
                0x0000000010000f9c                MXC_ICC_RevA_Enable
 .text.MXC_UART_GetFrequency.part.0
                0x0000000010000fcc       0x2c //home/eddie/MaximSDK/Libraries/PeriphDrivers/bin/MAX32655/softfp/libPeriphDriver_softfp.a(uart_me17.o)
 .text.MXC_UART_AsyncCallback
                0x0000000010000ff8        0x4 //home/eddie/MaximSDK/Libraries/PeriphDrivers/bin/MAX32655/softfp/libPeriphDriver_softfp.a(uart_me17.o)
                0x0000000010000ff8                MXC_UART_AsyncCallback
 .text.MXC_UART_AsyncStop
                0x0000000010000ffc        0x4 //home/eddie/MaximSDK/Libraries/PeriphDrivers/bin/MAX32655/softfp/libPeriphDriver_softfp.a(uart_me17.o)
                0x0000000010000ffc                MXC_UART_AsyncStop
 .text.MXC_UART_Shutdown
                0x0000000010001000       0x60 //home/eddie/MaximSDK/Libraries/PeriphDrivers/bin/MAX32655/softfp/libPeriphDriver_softfp.a(uart_me17.o)
                0x0000000010001000                MXC_UART_Shutdown
 .text.MXC_UART_Init
                0x0000000010001060       0x98 //home/eddie/MaximSDK/Libraries/PeriphDrivers/bin/MAX32655/softfp/libPeriphDriver_softfp.a(uart_me17.o)
                0x0000000010001060                MXC_UART_Init
 .text.MXC_UART_GetFrequency
                0x00000000100010f8       0x80 //home/eddie/MaximSDK/Libraries/PeriphDrivers/bin/MAX32655/softfp/libPeriphDriver_softfp.a(uart_me17.o)
                0x00000000100010f8                MXC_UART_GetFrequency
 .text.MXC_UART_SetFrequency
                0x0000000010001178      0x130 //home/eddie/MaximSDK/Libraries/PeriphDrivers/bin/MAX32655/softfp/libPeriphDriver_softfp.a(uart_me17.o)
                0x0000000010001178                MXC_UART_SetFrequency
 .text.MXC_UART_SetDataSize
                0x00000000100012a8        0x4 //home/eddie/MaximSDK/Libraries/PeriphDrivers/bin/MAX32655/softfp/libPeriphDriver_softfp.a(uart_me17.o)
                0x00000000100012a8                MXC_UART_SetDataSize
 .text.MXC_UART_SetStopBits
                0x00000000100012ac        0x4 //home/eddie/MaximSDK/Libraries/PeriphDrivers/bin/MAX32655/softfp/libPeriphDriver_softfp.a(uart_me17.o)
                0x00000000100012ac                MXC_UART_SetStopBits
 .text.MXC_UART_SetParity
                0x00000000100012b0        0x4 //home/eddie/MaximSDK/Libraries/PeriphDrivers/bin/MAX32655/softfp/libPeriphDriver_softfp.a(uart_me17.o)
                0x00000000100012b0                MXC_UART_SetParity
 .text.MXC_UART_ReadCharacterRaw
                0x00000000100012b4        0x4 //home/eddie/MaximSDK/Libraries/PeriphDrivers/bin/MAX32655/softfp/libPeriphDriver_softfp.a(uart_me17.o)
                0x00000000100012b4                MXC_UART_ReadCharacterRaw
 .text.MXC_UART_WriteCharacterRaw
                0x00000000100012b8        0x4 //home/eddie/MaximSDK/Libraries/PeriphDrivers/bin/MAX32655/softfp/libPeriphDriver_softfp.a(uart_me17.o)
                0x00000000100012b8                MXC_UART_WriteCharacterRaw
 .text.MXC_UART_ReadCharacter
                0x00000000100012bc        0x4 //home/eddie/MaximSDK/Libraries/PeriphDrivers/bin/MAX32655/softfp/libPeriphDriver_softfp.a(uart_me17.o)
                0x00000000100012bc                MXC_UART_ReadCharacter
 .text.MXC_UART_WriteCharacter
                0x00000000100012c0        0x4 //home/eddie/MaximSDK/Libraries/PeriphDrivers/bin/MAX32655/softfp/libPeriphDriver_softfp.a(uart_me17.o)
                0x00000000100012c0                MXC_UART_WriteCharacter
 .text.MXC_UART_ReadRXFIFO
                0x00000000100012c4        0x4 //home/eddie/MaximSDK/Libraries/PeriphDrivers/bin/MAX32655/softfp/libPeriphDriver_softfp.a(uart_me17.o)
                0x00000000100012c4                MXC_UART_ReadRXFIFO
 .text.MXC_UART_GetRXFIFOAvailable
                0x00000000100012c8        0x4 //home/eddie/MaximSDK/Libraries/PeriphDrivers/bin/MAX32655/softfp/libPeriphDriver_softfp.a(uart_me17.o)
                0x00000000100012c8                MXC_UART_GetRXFIFOAvailable
 .text.MXC_UART_WriteTXFIFO
                0x00000000100012cc        0x4 //home/eddie/MaximSDK/Libraries/PeriphDrivers/bin/MAX32655/softfp/libPeriphDriver_softfp.a(uart_me17.o)
                0x00000000100012cc                MXC_UART_WriteTXFIFO
 .text.MXC_UART_GetTXFIFOAvailable
                0x00000000100012d0        0x4 //home/eddie/MaximSDK/Libraries/PeriphDrivers/bin/MAX32655/softfp/libPeriphDriver_softfp.a(uart_me17.o)
                0x00000000100012d0                MXC_UART_GetTXFIFOAvailable
 .text.MXC_UART_ClearTXFIFO
                0x00000000100012d4        0x4 //home/eddie/MaximSDK/Libraries/PeriphDrivers/bin/MAX32655/softfp/libPeriphDriver_softfp.a(uart_me17.o)
                0x00000000100012d4                MXC_UART_ClearTXFIFO
 .text.MXC_UART_SetRXThreshold
                0x00000000100012d8        0x4 //home/eddie/MaximSDK/Libraries/PeriphDrivers/bin/MAX32655/softfp/libPeriphDriver_softfp.a(uart_me17.o)
                0x00000000100012d8                MXC_UART_SetRXThreshold
 .text.MXC_UART_GetRXThreshold
                0x00000000100012dc        0x4 //home/eddie/MaximSDK/Libraries/PeriphDrivers/bin/MAX32655/softfp/libPeriphDriver_softfp.a(uart_me17.o)
                0x00000000100012dc                MXC_UART_GetRXThreshold
 .text.MXC_UART_GetFlags
                0x00000000100012e0        0x4 //home/eddie/MaximSDK/Libraries/PeriphDrivers/bin/MAX32655/softfp/libPeriphDriver_softfp.a(uart_me17.o)
                0x00000000100012e0                MXC_UART_GetFlags
 .text.MXC_UART_ClearFlags
                0x00000000100012e4        0x4 //home/eddie/MaximSDK/Libraries/PeriphDrivers/bin/MAX32655/softfp/libPeriphDriver_softfp.a(uart_me17.o)
                0x00000000100012e4                MXC_UART_ClearFlags
 .text.MXC_UART_EnableInt
                0x00000000100012e8        0x4 //home/eddie/MaximSDK/Libraries/PeriphDrivers/bin/MAX32655/softfp/libPeriphDriver_softfp.a(uart_me17.o)
                0x00000000100012e8                MXC_UART_EnableInt
 .text.MXC_UART_DisableInt
                0x00000000100012ec        0x4 //home/eddie/MaximSDK/Libraries/PeriphDrivers/bin/MAX32655/softfp/libPeriphDriver_softfp.a(uart_me17.o)
                0x00000000100012ec                MXC_UART_DisableInt
 .text.MXC_UART_Transaction
                0x00000000100012f0        0x4 //home/eddie/MaximSDK/Libraries/PeriphDrivers/bin/MAX32655/softfp/libPeriphDriver_softfp.a(uart_me17.o)
                0x00000000100012f0                MXC_UART_Transaction
 .text.MXC_UART_TransactionAsync
                0x00000000100012f4        0x4 //home/eddie/MaximSDK/Libraries/PeriphDrivers/bin/MAX32655/softfp/libPeriphDriver_softfp.a(uart_me17.o)
                0x00000000100012f4                MXC_UART_TransactionAsync
 .text.MXC_UART_AsyncHandler
                0x00000000100012f8        0x4 //home/eddie/MaximSDK/Libraries/PeriphDrivers/bin/MAX32655/softfp/libPeriphDriver_softfp.a(uart_me17.o)
                0x00000000100012f8                MXC_UART_AsyncHandler
 .text.MXC_UART_RevB_Init
                0x00000000100012fc       0x68 //home/eddie/MaximSDK/Libraries/PeriphDrivers/bin/MAX32655/softfp/libPeriphDriver_softfp.a(uart_revb.o)
                0x00000000100012fc                MXC_UART_RevB_Init
 .text.MXC_UART_RevB_SetDataSize
                0x0000000010001364       0x40 //home/eddie/MaximSDK/Libraries/PeriphDrivers/bin/MAX32655/softfp/libPeriphDriver_softfp.a(uart_revb.o)
                0x0000000010001364                MXC_UART_RevB_SetDataSize
 .text.MXC_UART_RevB_SetStopBits
                0x00000000100013a4       0x44 //home/eddie/MaximSDK/Libraries/PeriphDrivers/bin/MAX32655/softfp/libPeriphDriver_softfp.a(uart_revb.o)
                0x00000000100013a4                MXC_UART_RevB_SetStopBits
 .text.MXC_UART_RevB_SetParity
                0x00000000100013e8       0x94 //home/eddie/MaximSDK/Libraries/PeriphDrivers/bin/MAX32655/softfp/libPeriphDriver_softfp.a(uart_revb.o)
                0x00000000100013e8                MXC_UART_RevB_SetParity
 .text.MXC_UART_RevB_ReadCharacterRaw
                0x000000001000147c       0x38 //home/eddie/MaximSDK/Libraries/PeriphDrivers/bin/MAX32655/softfp/libPeriphDriver_softfp.a(uart_revb.o)
                0x000000001000147c                MXC_UART_RevB_ReadCharacterRaw
 .text.MXC_UART_RevB_WriteCharacterRaw
                0x00000000100014b4       0x3c //home/eddie/MaximSDK/Libraries/PeriphDrivers/bin/MAX32655/softfp/libPeriphDriver_softfp.a(uart_revb.o)
                0x00000000100014b4                MXC_UART_RevB_WriteCharacterRaw
 .text.MXC_UART_RevB_ReadRXFIFO
                0x00000000100014f0       0x1a //home/eddie/MaximSDK/Libraries/PeriphDrivers/bin/MAX32655/softfp/libPeriphDriver_softfp.a(uart_revb.o)
                0x00000000100014f0                MXC_UART_RevB_ReadRXFIFO
 .text.MXC_UART_RevB_GetRXFIFOAvailable
                0x000000001000150a        0x8 //home/eddie/MaximSDK/Libraries/PeriphDrivers/bin/MAX32655/softfp/libPeriphDriver_softfp.a(uart_revb.o)
                0x000000001000150a                MXC_UART_RevB_GetRXFIFOAvailable
 .text.MXC_UART_RevB_WriteTXFIFO
                0x0000000010001512       0x1a //home/eddie/MaximSDK/Libraries/PeriphDrivers/bin/MAX32655/softfp/libPeriphDriver_softfp.a(uart_revb.o)
                0x0000000010001512                MXC_UART_RevB_WriteTXFIFO
 .text.MXC_UART_RevB_GetTXFIFOAvailable
                0x000000001000152c        0xc //home/eddie/MaximSDK/Libraries/PeriphDrivers/bin/MAX32655/softfp/libPeriphDriver_softfp.a(uart_revb.o)
                0x000000001000152c                MXC_UART_RevB_GetTXFIFOAvailable
 .text.MXC_UART_RevB_ClearTXFIFO
                0x0000000010001538       0x3c //home/eddie/MaximSDK/Libraries/PeriphDrivers/bin/MAX32655/softfp/libPeriphDriver_softfp.a(uart_revb.o)
                0x0000000010001538                MXC_UART_RevB_ClearTXFIFO
 .text.MXC_UART_RevB_SetRXThreshold
                0x0000000010001574       0x3c //home/eddie/MaximSDK/Libraries/PeriphDrivers/bin/MAX32655/softfp/libPeriphDriver_softfp.a(uart_revb.o)
                0x0000000010001574                MXC_UART_RevB_SetRXThreshold
 .text.MXC_UART_RevB_GetRXThreshold
                0x00000000100015b0        0x8 //home/eddie/MaximSDK/Libraries/PeriphDrivers/bin/MAX32655/softfp/libPeriphDriver_softfp.a(uart_revb.o)
                0x00000000100015b0                MXC_UART_RevB_GetRXThreshold
 .text.MXC_UART_RevB_GetFlags
                0x00000000100015b8        0x4 //home/eddie/MaximSDK/Libraries/PeriphDrivers/bin/MAX32655/softfp/libPeriphDriver_softfp.a(uart_revb.o)
                0x00000000100015b8                MXC_UART_RevB_GetFlags
 .text.MXC_UART_RevB_ClearFlags
                0x00000000100015bc       0x30 //home/eddie/MaximSDK/Libraries/PeriphDrivers/bin/MAX32655/softfp/libPeriphDriver_softfp.a(uart_revb.o)
                0x00000000100015bc                MXC_UART_RevB_ClearFlags
 .text.MXC_UART_RevB_EnableInt
                0x00000000100015ec       0x34 //home/eddie/MaximSDK/Libraries/PeriphDrivers/bin/MAX32655/softfp/libPeriphDriver_softfp.a(uart_revb.o)
                0x00000000100015ec                MXC_UART_RevB_EnableInt
 .text.MXC_UART_RevB_DisableInt
                0x0000000010001620       0x34 //home/eddie/MaximSDK/Libraries/PeriphDrivers/bin/MAX32655/softfp/libPeriphDriver_softfp.a(uart_revb.o)
                0x0000000010001620                MXC_UART_RevB_DisableInt
 .text.MXC_UART_RevB_Transaction
                0x0000000010001654      0x124 //home/eddie/MaximSDK/Libraries/PeriphDrivers/bin/MAX32655/softfp/libPeriphDriver_softfp.a(uart_revb.o)
                0x0000000010001654                MXC_UART_RevB_Transaction
 .text.MXC_UART_RevB_TransactionAsync
                0x0000000010001778      0x1d0 //home/eddie/MaximSDK/Libraries/PeriphDrivers/bin/MAX32655/softfp/libPeriphDriver_softfp.a(uart_revb.o)
                0x0000000010001778                MXC_UART_RevB_TransactionAsync
 .text.MXC_UART_RevB_AsyncTxCallback
                0x0000000010001948       0x58 //home/eddie/MaximSDK/Libraries/PeriphDrivers/bin/MAX32655/softfp/libPeriphDriver_softfp.a(uart_revb.o)
                0x0000000010001948                MXC_UART_RevB_AsyncTxCallback
 .text.MXC_UART_RevB_AsyncRxCallback
                0x00000000100019a0       0x58 //home/eddie/MaximSDK/Libraries/PeriphDrivers/bin/MAX32655/softfp/libPeriphDriver_softfp.a(uart_revb.o)
                0x00000000100019a0                MXC_UART_RevB_AsyncRxCallback
 .text.MXC_UART_RevB_AsyncCallback
                0x00000000100019f8       0x68 //home/eddie/MaximSDK/Libraries/PeriphDrivers/bin/MAX32655/softfp/libPeriphDriver_softfp.a(uart_revb.o)
                0x00000000100019f8                MXC_UART_RevB_AsyncCallback
 .text.MXC_UART_RevB_AsyncStopTx
                0x0000000010001a60       0x34 //home/eddie/MaximSDK/Libraries/PeriphDrivers/bin/MAX32655/softfp/libPeriphDriver_softfp.a(uart_revb.o)
                0x0000000010001a60                MXC_UART_RevB_AsyncStopTx
 .text.MXC_UART_RevB_AsyncStopRx
                0x0000000010001a94       0x34 //home/eddie/MaximSDK/Libraries/PeriphDrivers/bin/MAX32655/softfp/libPeriphDriver_softfp.a(uart_revb.o)
                0x0000000010001a94                MXC_UART_RevB_AsyncStopRx
 .text.MXC_UART_RevB_AsyncStop
                0x0000000010001ac8       0x38 //home/eddie/MaximSDK/Libraries/PeriphDrivers/bin/MAX32655/softfp/libPeriphDriver_softfp.a(uart_revb.o)
                0x0000000010001ac8                MXC_UART_RevB_AsyncStop
 .text.MXC_UART_RevB_AsyncHandler
                0x0000000010001b00      0x188 //home/eddie/MaximSDK/Libraries/PeriphDrivers/bin/MAX32655/softfp/libPeriphDriver_softfp.a(uart_revb.o)
                0x0000000010001b00                MXC_UART_RevB_AsyncHandler
 .text.MXC_GPIO_Common_Init
                0x0000000010001c88       0x34 //home/eddie/MaximSDK/Libraries/PeriphDrivers/bin/MAX32655/softfp/libPeriphDriver_softfp.a(gpio_common.o)
                0x0000000010001c88                MXC_GPIO_Common_Init
 .text.MXC_GPIO_Common_Handler
                0x0000000010001cbc       0x84 //home/eddie/MaximSDK/Libraries/PeriphDrivers/bin/MAX32655/softfp/libPeriphDriver_softfp.a(gpio_common.o)
                0x0000000010001cbc                MXC_GPIO_Common_Handler
 .text.MXC_UART_Common_ReadCharacter
                0x0000000010001d40       0x18 //home/eddie/MaximSDK/Libraries/PeriphDrivers/bin/MAX32655/softfp/libPeriphDriver_softfp.a(uart_common.o)
                0x0000000010001d40                MXC_UART_Common_ReadCharacter
 .text.MXC_UART_Common_WriteCharacter
                0x0000000010001d58       0x1e //home/eddie/MaximSDK/Libraries/PeriphDrivers/bin/MAX32655/softfp/libPeriphDriver_softfp.a(uart_common.o)
                0x0000000010001d58                MXC_UART_Common_WriteCharacter
 *fill*         0x0000000010001d76        0x2 
 .text.__errno  0x0000000010001d78        0xc /home/eddie/MaximSDK/Tools/GNUTools/bin/../lib/gcc/arm-none-eabi/9.2.1/../../../../arm-none-eabi/lib/thumb/v7e-m+fp/softfp/libc.a(lib_a-errno.o)
                0x0000000010001d78                __errno
 .text.__libc_init_array
                0x0000000010001d84       0x48 /home/eddie/MaximSDK/Tools/GNUTools/bin/../lib/gcc/arm-none-eabi/9.2.1/../../../../arm-none-eabi/lib/thumb/v7e-m+fp/softfp/libc.a(lib_a-init.o)
                0x0000000010001d84                __libc_init_array
 .text.memcmp   0x0000000010001dcc       0x60 /home/eddie/MaximSDK/Tools/GNUTools/bin/../lib/gcc/arm-none-eabi/9.2.1/../../../../arm-none-eabi/lib/thumb/v7e-m+fp/softfp/libc.a(lib_a-memcmp.o)
                0x0000000010001dcc                memcmp
 .text          0x0000000010001e2c      0x134 /home/eddie/MaximSDK/Tools/GNUTools/bin/../lib/gcc/arm-none-eabi/9.2.1/../../../../arm-none-eabi/lib/thumb/v7e-m+fp/softfp/libc.a(lib_a-memcpy.o)
                0x0000000010001e2c                memcpy
 .text.memset   0x0000000010001f60       0xa0 /home/eddie/MaximSDK/Tools/GNUTools/bin/../lib/gcc/arm-none-eabi/9.2.1/../../../../arm-none-eabi/lib/thumb/v7e-m+fp/softfp/libc.a(lib_a-memset.o)
                0x0000000010001f60                memset
 .text.printf   0x0000000010002000       0x28 /home/eddie/MaximSDK/Tools/GNUTools/bin/../lib/gcc/arm-none-eabi/9.2.1/../../../../arm-none-eabi/lib/thumb/v7e-m+fp/softfp/libc.a(lib_a-printf.o)
                0x0000000010002000                printf
 .text.putchar  0x0000000010002028       0x14 /home/eddie/MaximSDK/Tools/GNUTools/bin/../lib/gcc/arm-none-eabi/9.2.1/../../../../arm-none-eabi/lib/thumb/v7e-m+fp/softfp/libc.a(lib_a-putchar.o)
                0x0000000010002028                putchar
 .text._puts_r  0x000000001000203c       0x9c /home/eddie/MaximSDK/Tools/GNUTools/bin/../lib/gcc/arm-none-eabi/9.2.1/../../../../arm-none-eabi/lib/thumb/v7e-m+fp/softfp/libc.a(lib_a-puts.o)
                0x000000001000203c                _puts_r
 .text.puts     0x00000000100020d8       0x10 /home/eddie/MaximSDK/Tools/GNUTools/bin/../lib/gcc/arm-none-eabi/9.2.1/../../../../arm-none-eabi/lib/thumb/v7e-m+fp/softfp/libc.a(lib_a-puts.o)
                0x00000000100020d8                puts
 *fill*         0x00000000100020e8       0x18 
 .text          0x0000000010002100       0xdc /home/eddie/MaximSDK/Tools/GNUTools/bin/../lib/gcc/arm-none-eabi/9.2.1/../../../../arm-none-eabi/lib/thumb/v7e-m+fp/softfp/libc.a(lib_a-strlen.o)
                0x0000000010002100                strlen
 *fill*         0x00000000100021dc        0x4 
 .text._vfprintf_r
                0x00000000100021e0     0x1bdc /home/eddie/MaximSDK/Tools/GNUTools/bin/../lib/gcc/arm-none-eabi/9.2.1/../../../../arm-none-eabi/lib/thumb/v7e-m+fp/softfp/libc.a(lib_a-vfprintf.o)
                0x00000000100021e0                _vfprintf_r
 .text.__sbprintf
                0x0000000010003dbc       0x84 /home/eddie/MaximSDK/Tools/GNUTools/bin/../lib/gcc/arm-none-eabi/9.2.1/../../../../arm-none-eabi/lib/thumb/v7e-m+fp/softfp/libc.a(lib_a-vfprintf.o)
 .text.__swsetup_r
                0x0000000010003e40       0xd0 /home/eddie/MaximSDK/Tools/GNUTools/bin/../lib/gcc/arm-none-eabi/9.2.1/../../../../arm-none-eabi/lib/thumb/v7e-m+fp/softfp/libc.a(lib_a-wsetup.o)
                0x0000000010003e40                __swsetup_r
 .text.startup.register_fini
                0x0000000010003f10       0x14 /home/eddie/MaximSDK/Tools/GNUTools/bin/../lib/gcc/arm-none-eabi/9.2.1/../../../../arm-none-eabi/lib/thumb/v7e-m+fp/softfp/libc.a(lib_a-__call_atexit.o)
 .text.atexit   0x0000000010003f24        0xc /home/eddie/MaximSDK/Tools/GNUTools/bin/../lib/gcc/arm-none-eabi/9.2.1/../../../../arm-none-eabi/lib/thumb/v7e-m+fp/softfp/libc.a(lib_a-atexit.o)
                0x0000000010003f24                atexit
 .text.quorem   0x0000000010003f30      0x11c /home/eddie/MaximSDK/Tools/GNUTools/bin/../lib/gcc/arm-none-eabi/9.2.1/../../../../arm-none-eabi/lib/thumb/v7e-m+fp/softfp/libc.a(lib_a-dtoa.o)
 *fill*         0x000000001000404c        0x4 
 .text._dtoa_r  0x0000000010004050      0xeec /home/eddie/MaximSDK/Tools/GNUTools/bin/../lib/gcc/arm-none-eabi/9.2.1/../../../../arm-none-eabi/lib/thumb/v7e-m+fp/softfp/libc.a(lib_a-dtoa.o)
                0x0000000010004050                _dtoa_r
 .text.__sflush_r
                0x0000000010004f3c      0x130 /home/eddie/MaximSDK/Tools/GNUTools/bin/../lib/gcc/arm-none-eabi/9.2.1/../../../../arm-none-eabi/lib/thumb/v7e-m+fp/softfp/libc.a(lib_a-fflush.o)
                0x0000000010004f3c                __sflush_r
 .text._fflush_r
                0x000000001000506c       0x5c /home/eddie/MaximSDK/Tools/GNUTools/bin/../lib/gcc/arm-none-eabi/9.2.1/../../../../arm-none-eabi/lib/thumb/v7e-m+fp/softfp/libc.a(lib_a-fflush.o)
                0x000000001000506c                _fflush_r
 .text.std      0x00000000100050c8       0x50 /home/eddie/MaximSDK/Tools/GNUTools/bin/../lib/gcc/arm-none-eabi/9.2.1/../../../../arm-none-eabi/lib/thumb/v7e-m+fp/softfp/libc.a(lib_a-findfp.o)
 .text._cleanup_r
                0x0000000010005118        0xc /home/eddie/MaximSDK/Tools/GNUTools/bin/../lib/gcc/arm-none-eabi/9.2.1/../../../../arm-none-eabi/lib/thumb/v7e-m+fp/softfp/libc.a(lib_a-findfp.o)
                0x0000000010005118                _cleanup_r
 .text.__sinit  0x0000000010005124       0x54 /home/eddie/MaximSDK/Tools/GNUTools/bin/../lib/gcc/arm-none-eabi/9.2.1/../../../../arm-none-eabi/lib/thumb/v7e-m+fp/softfp/libc.a(lib_a-findfp.o)
                0x0000000010005124                __sinit
 .text.__sfp_lock_acquire
                0x0000000010005178        0xc /home/eddie/MaximSDK/Tools/GNUTools/bin/../lib/gcc/arm-none-eabi/9.2.1/../../../../arm-none-eabi/lib/thumb/v7e-m+fp/softfp/libc.a(lib_a-findfp.o)
                0x0000000010005178                __sfp_lock_acquire
 .text.__sfp_lock_release
                0x0000000010005184        0xc /home/eddie/MaximSDK/Tools/GNUTools/bin/../lib/gcc/arm-none-eabi/9.2.1/../../../../arm-none-eabi/lib/thumb/v7e-m+fp/softfp/libc.a(lib_a-findfp.o)
                0x0000000010005184                __sfp_lock_release
 .text.__libc_fini_array
                0x0000000010005190       0x2c /home/eddie/MaximSDK/Tools/GNUTools/bin/../lib/gcc/arm-none-eabi/9.2.1/../../../../arm-none-eabi/lib/thumb/v7e-m+fp/softfp/libc.a(lib_a-fini.o)
                0x0000000010005190                __libc_fini_array
 .text._malloc_trim_r
                0x00000000100051bc       0xa0 /home/eddie/MaximSDK/Tools/GNUTools/bin/../lib/gcc/arm-none-eabi/9.2.1/../../../../arm-none-eabi/lib/thumb/v7e-m+fp/softfp/libc.a(lib_a-freer.o)
                0x00000000100051bc                _malloc_trim_r
 .text._free_r  0x000000001000525c      0x208 /home/eddie/MaximSDK/Tools/GNUTools/bin/../lib/gcc/arm-none-eabi/9.2.1/../../../../arm-none-eabi/lib/thumb/v7e-m+fp/softfp/libc.a(lib_a-freer.o)
                0x000000001000525c                _free_r
 .text.__sfvwrite_r
                0x0000000010005464      0x2e0 /home/eddie/MaximSDK/Tools/GNUTools/bin/../lib/gcc/arm-none-eabi/9.2.1/../../../../arm-none-eabi/lib/thumb/v7e-m+fp/softfp/libc.a(lib_a-fvwrite.o)
                0x0000000010005464                __sfvwrite_r
 .text._fwalk_reent
                0x0000000010005744       0x48 /home/eddie/MaximSDK/Tools/GNUTools/bin/../lib/gcc/arm-none-eabi/9.2.1/../../../../arm-none-eabi/lib/thumb/v7e-m+fp/softfp/libc.a(lib_a-fwalk.o)
                0x0000000010005744                _fwalk_reent
 .text._localeconv_r
                0x000000001000578c        0x8 /home/eddie/MaximSDK/Tools/GNUTools/bin/../lib/gcc/arm-none-eabi/9.2.1/../../../../arm-none-eabi/lib/thumb/v7e-m+fp/softfp/libc.a(lib_a-localeconv.o)
                0x000000001000578c                _localeconv_r
 .text.__retarget_lock_init_recursive
                0x0000000010005794        0x4 /home/eddie/MaximSDK/Tools/GNUTools/bin/../lib/gcc/arm-none-eabi/9.2.1/../../../../arm-none-eabi/lib/thumb/v7e-m+fp/softfp/libc.a(lib_a-lock.o)
                0x0000000010005794                __retarget_lock_init_recursive
 .text.__retarget_lock_close_recursive
                0x0000000010005798        0x4 /home/eddie/MaximSDK/Tools/GNUTools/bin/../lib/gcc/arm-none-eabi/9.2.1/../../../../arm-none-eabi/lib/thumb/v7e-m+fp/softfp/libc.a(lib_a-lock.o)
                0x0000000010005798                __retarget_lock_close_recursive
 .text.__retarget_lock_acquire_recursive
                0x000000001000579c        0x4 /home/eddie/MaximSDK/Tools/GNUTools/bin/../lib/gcc/arm-none-eabi/9.2.1/../../../../arm-none-eabi/lib/thumb/v7e-m+fp/softfp/libc.a(lib_a-lock.o)
                0x000000001000579c                __retarget_lock_acquire_recursive
 .text.__retarget_lock_release_recursive
                0x00000000100057a0        0x4 /home/eddie/MaximSDK/Tools/GNUTools/bin/../lib/gcc/arm-none-eabi/9.2.1/../../../../arm-none-eabi/lib/thumb/v7e-m+fp/softfp/libc.a(lib_a-lock.o)
                0x00000000100057a0                __retarget_lock_release_recursive
 .text.__swhatbuf_r
                0x00000000100057a4       0x5c /home/eddie/MaximSDK/Tools/GNUTools/bin/../lib/gcc/arm-none-eabi/9.2.1/../../../../arm-none-eabi/lib/thumb/v7e-m+fp/softfp/libc.a(lib_a-makebuf.o)
                0x00000000100057a4                __swhatbuf_r
 .text.__smakebuf_r
                0x0000000010005800       0x98 /home/eddie/MaximSDK/Tools/GNUTools/bin/../lib/gcc/arm-none-eabi/9.2.1/../../../../arm-none-eabi/lib/thumb/v7e-m+fp/softfp/libc.a(lib_a-makebuf.o)
                0x0000000010005800                __smakebuf_r
 .text._malloc_r
                0x0000000010005898      0x574 /home/eddie/MaximSDK/Tools/GNUTools/bin/../lib/gcc/arm-none-eabi/9.2.1/../../../../arm-none-eabi/lib/thumb/v7e-m+fp/softfp/libc.a(lib_a-mallocr.o)
                0x0000000010005898                _malloc_r
 *fill*         0x0000000010005e0c        0x4 
 .text          0x0000000010005e10       0xa0 /home/eddie/MaximSDK/Tools/GNUTools/bin/../lib/gcc/arm-none-eabi/9.2.1/../../../../arm-none-eabi/lib/thumb/v7e-m+fp/softfp/libc.a(lib_a-memchr.o)
                0x0000000010005e10                memchr
 .text.memmove  0x0000000010005eb0       0xd8 /home/eddie/MaximSDK/Tools/GNUTools/bin/../lib/gcc/arm-none-eabi/9.2.1/../../../../arm-none-eabi/lib/thumb/v7e-m+fp/softfp/libc.a(lib_a-memmove.o)
                0x0000000010005eb0                memmove
 .text.__malloc_lock
                0x0000000010005f88        0xc /home/eddie/MaximSDK/Tools/GNUTools/bin/../lib/gcc/arm-none-eabi/9.2.1/../../../../arm-none-eabi/lib/thumb/v7e-m+fp/softfp/libc.a(lib_a-mlock.o)
                0x0000000010005f88                __malloc_lock
 .text.__malloc_unlock
                0x0000000010005f94        0xc /home/eddie/MaximSDK/Tools/GNUTools/bin/../lib/gcc/arm-none-eabi/9.2.1/../../../../arm-none-eabi/lib/thumb/v7e-m+fp/softfp/libc.a(lib_a-mlock.o)
                0x0000000010005f94                __malloc_unlock
 .text._Balloc  0x0000000010005fa0       0x4c /home/eddie/MaximSDK/Tools/GNUTools/bin/../lib/gcc/arm-none-eabi/9.2.1/../../../../arm-none-eabi/lib/thumb/v7e-m+fp/softfp/libc.a(lib_a-mprec.o)
                0x0000000010005fa0                _Balloc
 .text._Bfree   0x0000000010005fec       0x14 /home/eddie/MaximSDK/Tools/GNUTools/bin/../lib/gcc/arm-none-eabi/9.2.1/../../../../arm-none-eabi/lib/thumb/v7e-m+fp/softfp/libc.a(lib_a-mprec.o)
                0x0000000010005fec                _Bfree
 .text.__multadd
                0x0000000010006000       0x8c /home/eddie/MaximSDK/Tools/GNUTools/bin/../lib/gcc/arm-none-eabi/9.2.1/../../../../arm-none-eabi/lib/thumb/v7e-m+fp/softfp/libc.a(lib_a-mprec.o)
                0x0000000010006000                __multadd
 .text.__hi0bits
                0x000000001000608c       0x40 /home/eddie/MaximSDK/Tools/GNUTools/bin/../lib/gcc/arm-none-eabi/9.2.1/../../../../arm-none-eabi/lib/thumb/v7e-m+fp/softfp/libc.a(lib_a-mprec.o)
                0x000000001000608c                __hi0bits
 .text.__lo0bits
                0x00000000100060cc       0x60 /home/eddie/MaximSDK/Tools/GNUTools/bin/../lib/gcc/arm-none-eabi/9.2.1/../../../../arm-none-eabi/lib/thumb/v7e-m+fp/softfp/libc.a(lib_a-mprec.o)
                0x00000000100060cc                __lo0bits
 .text.__i2b    0x000000001000612c       0x14 /home/eddie/MaximSDK/Tools/GNUTools/bin/../lib/gcc/arm-none-eabi/9.2.1/../../../../arm-none-eabi/lib/thumb/v7e-m+fp/softfp/libc.a(lib_a-mprec.o)
                0x000000001000612c                __i2b
 .text.__multiply
                0x0000000010006140      0x144 /home/eddie/MaximSDK/Tools/GNUTools/bin/../lib/gcc/arm-none-eabi/9.2.1/../../../../arm-none-eabi/lib/thumb/v7e-m+fp/softfp/libc.a(lib_a-mprec.o)
                0x0000000010006140                __multiply
 .text.__pow5mult
                0x0000000010006284       0xa0 /home/eddie/MaximSDK/Tools/GNUTools/bin/../lib/gcc/arm-none-eabi/9.2.1/../../../../arm-none-eabi/lib/thumb/v7e-m+fp/softfp/libc.a(lib_a-mprec.o)
                0x0000000010006284                __pow5mult
 .text.__lshift
                0x0000000010006324       0xd4 /home/eddie/MaximSDK/Tools/GNUTools/bin/../lib/gcc/arm-none-eabi/9.2.1/../../../../arm-none-eabi/lib/thumb/v7e-m+fp/softfp/libc.a(lib_a-mprec.o)
                0x0000000010006324                __lshift
 .text.__mcmp   0x00000000100063f8       0x3c /home/eddie/MaximSDK/Tools/GNUTools/bin/../lib/gcc/arm-none-eabi/9.2.1/../../../../arm-none-eabi/lib/thumb/v7e-m+fp/softfp/libc.a(lib_a-mprec.o)
                0x00000000100063f8                __mcmp
 .text.__mdiff  0x0000000010006434      0x138 /home/eddie/MaximSDK/Tools/GNUTools/bin/../lib/gcc/arm-none-eabi/9.2.1/../../../../arm-none-eabi/lib/thumb/v7e-m+fp/softfp/libc.a(lib_a-mprec.o)
                0x0000000010006434                __mdiff
 .text.__d2b    0x000000001000656c       0xbc /home/eddie/MaximSDK/Tools/GNUTools/bin/../lib/gcc/arm-none-eabi/9.2.1/../../../../arm-none-eabi/lib/thumb/v7e-m+fp/softfp/libc.a(lib_a-mprec.o)
                0x000000001000656c                __d2b
 .text._putc_r  0x0000000010006628       0x74 /home/eddie/MaximSDK/Tools/GNUTools/bin/../lib/gcc/arm-none-eabi/9.2.1/../../../../arm-none-eabi/lib/thumb/v7e-m+fp/softfp/libc.a(lib_a-putc.o)
                0x0000000010006628                _putc_r
 .text._realloc_r
                0x000000001000669c      0x3e0 /home/eddie/MaximSDK/Tools/GNUTools/bin/../lib/gcc/arm-none-eabi/9.2.1/../../../../arm-none-eabi/lib/thumb/v7e-m+fp/softfp/libc.a(lib_a-reallocr.o)
                0x000000001000669c                _realloc_r
 .text.frexp    0x0000000010006a7c       0x70 /home/eddie/MaximSDK/Tools/GNUTools/bin/../lib/gcc/arm-none-eabi/9.2.1/../../../../arm-none-eabi/lib/thumb/v7e-m+fp/softfp/libc.a(lib_a-s_frexp.o)
                0x0000000010006a7c                frexp
 .text._sbrk_r  0x0000000010006aec       0x24 /home/eddie/MaximSDK/Tools/GNUTools/bin/../lib/gcc/arm-none-eabi/9.2.1/../../../../arm-none-eabi/lib/thumb/v7e-m+fp/softfp/libc.a(lib_a-sbrkr.o)
                0x0000000010006aec                _sbrk_r
 .text.__sread  0x0000000010006b10       0x24 /home/eddie/MaximSDK/Tools/GNUTools/bin/../lib/gcc/arm-none-eabi/9.2.1/../../../../arm-none-eabi/lib/thumb/v7e-m+fp/softfp/libc.a(lib_a-stdio.o)
                0x0000000010006b10                __sread
 .text.__swrite
                0x0000000010006b34       0x40 /home/eddie/MaximSDK/Tools/GNUTools/bin/../lib/gcc/arm-none-eabi/9.2.1/../../../../arm-none-eabi/lib/thumb/v7e-m+fp/softfp/libc.a(lib_a-stdio.o)
                0x0000000010006b34                __swrite
 .text.__sseek  0x0000000010006b74       0x20 /home/eddie/MaximSDK/Tools/GNUTools/bin/../lib/gcc/arm-none-eabi/9.2.1/../../../../arm-none-eabi/lib/thumb/v7e-m+fp/softfp/libc.a(lib_a-stdio.o)
                0x0000000010006b74                __sseek
 .text.__sclose
                0x0000000010006b94        0x8 /home/eddie/MaximSDK/Tools/GNUTools/bin/../lib/gcc/arm-none-eabi/9.2.1/../../../../arm-none-eabi/lib/thumb/v7e-m+fp/softfp/libc.a(lib_a-stdio.o)
                0x0000000010006b94                __sclose
 .text.strncpy  0x0000000010006b9c       0x68 /home/eddie/MaximSDK/Tools/GNUTools/bin/../lib/gcc/arm-none-eabi/9.2.1/../../../../arm-none-eabi/lib/thumb/v7e-m+fp/softfp/libc.a(lib_a-strncpy.o)
                0x0000000010006b9c                strncpy
 .text.__sprint_r.part.0
                0x0000000010006c04       0x78 /home/eddie/MaximSDK/Tools/GNUTools/bin/../lib/gcc/arm-none-eabi/9.2.1/../../../../arm-none-eabi/lib/thumb/v7e-m+fp/softfp/libc.a(lib_a-vfiprintf.o)
 .text.__sprint_r
                0x0000000010006c7c       0x18 /home/eddie/MaximSDK/Tools/GNUTools/bin/../lib/gcc/arm-none-eabi/9.2.1/../../../../arm-none-eabi/lib/thumb/v7e-m+fp/softfp/libc.a(lib_a-vfiprintf.o)
                0x0000000010006c7c                __sprint_r
 .text.__swbuf_r
                0x0000000010006c94       0xb0 /home/eddie/MaximSDK/Tools/GNUTools/bin/../lib/gcc/arm-none-eabi/9.2.1/../../../../arm-none-eabi/lib/thumb/v7e-m+fp/softfp/libc.a(lib_a-wbuf.o)
                0x0000000010006c94                __swbuf_r
 .text._write_r
                0x0000000010006d44       0x2c /home/eddie/MaximSDK/Tools/GNUTools/bin/../lib/gcc/arm-none-eabi/9.2.1/../../../../arm-none-eabi/lib/thumb/v7e-m+fp/softfp/libc.a(lib_a-writer.o)
                0x0000000010006d44                _write_r
 .text.__register_exitproc
                0x0000000010006d70       0x8c /home/eddie/MaximSDK/Tools/GNUTools/bin/../lib/gcc/arm-none-eabi/9.2.1/../../../../arm-none-eabi/lib/thumb/v7e-m+fp/softfp/libc.a(lib_a-__atexit.o)
                0x0000000010006d70                __register_exitproc
 .text._calloc_r
                0x0000000010006dfc       0x60 /home/eddie/MaximSDK/Tools/GNUTools/bin/../lib/gcc/arm-none-eabi/9.2.1/../../../../arm-none-eabi/lib/thumb/v7e-m+fp/softfp/libc.a(lib_a-callocr.o)
                0x0000000010006dfc                _calloc_r
 .text._close_r
                0x0000000010006e5c       0x24 /home/eddie/MaximSDK/Tools/GNUTools/bin/../lib/gcc/arm-none-eabi/9.2.1/../../../../arm-none-eabi/lib/thumb/v7e-m+fp/softfp/libc.a(lib_a-closer.o)
                0x0000000010006e5c                _close_r
 .text._fclose_r
                0x0000000010006e80       0xcc /home/eddie/MaximSDK/Tools/GNUTools/bin/../lib/gcc/arm-none-eabi/9.2.1/../../../../arm-none-eabi/lib/thumb/v7e-m+fp/softfp/libc.a(lib_a-fclose.o)
                0x0000000010006e80                _fclose_r
 .text.__fputwc
                0x0000000010006f4c       0xa8 /home/eddie/MaximSDK/Tools/GNUTools/bin/../lib/gcc/arm-none-eabi/9.2.1/../../../../arm-none-eabi/lib/thumb/v7e-m+fp/softfp/libc.a(lib_a-fputwc.o)
                0x0000000010006f4c                __fputwc
 .text._fputwc_r
                0x0000000010006ff4       0x68 /home/eddie/MaximSDK/Tools/GNUTools/bin/../lib/gcc/arm-none-eabi/9.2.1/../../../../arm-none-eabi/lib/thumb/v7e-m+fp/softfp/libc.a(lib_a-fputwc.o)
                0x0000000010006ff4                _fputwc_r
 .text._fstat_r
                0x000000001000705c       0x2c /home/eddie/MaximSDK/Tools/GNUTools/bin/../lib/gcc/arm-none-eabi/9.2.1/../../../../arm-none-eabi/lib/thumb/v7e-m+fp/softfp/libc.a(lib_a-fstatr.o)
                0x000000001000705c                _fstat_r
 .text._isatty_r
                0x0000000010007088       0x24 /home/eddie/MaximSDK/Tools/GNUTools/bin/../lib/gcc/arm-none-eabi/9.2.1/../../../../arm-none-eabi/lib/thumb/v7e-m+fp/softfp/libc.a(lib_a-isattyr.o)
                0x0000000010007088                _isatty_r
 .text.__locale_mb_cur_max
                0x00000000100070ac        0xc /home/eddie/MaximSDK/Tools/GNUTools/bin/../lib/gcc/arm-none-eabi/9.2.1/../../../../arm-none-eabi/lib/thumb/v7e-m+fp/softfp/libc.a(lib_a-locale.o)
                0x00000000100070ac                __locale_mb_cur_max
 .text._lseek_r
                0x00000000100070b8       0x2c /home/eddie/MaximSDK/Tools/GNUTools/bin/../lib/gcc/arm-none-eabi/9.2.1/../../../../arm-none-eabi/lib/thumb/v7e-m+fp/softfp/libc.a(lib_a-lseekr.o)
                0x00000000100070b8                _lseek_r
 .text.__ascii_mbtowc
                0x00000000100070e4       0x2c /home/eddie/MaximSDK/Tools/GNUTools/bin/../lib/gcc/arm-none-eabi/9.2.1/../../../../arm-none-eabi/lib/thumb/v7e-m+fp/softfp/libc.a(lib_a-mbtowc_r.o)
                0x00000000100070e4                __ascii_mbtowc
 .text._read_r  0x0000000010007110       0x2c /home/eddie/MaximSDK/Tools/GNUTools/bin/../lib/gcc/arm-none-eabi/9.2.1/../../../../arm-none-eabi/lib/thumb/v7e-m+fp/softfp/libc.a(lib_a-readr.o)
                0x0000000010007110                _read_r
 .text._wcrtomb_r
                0x000000001000713c       0x3c /home/eddie/MaximSDK/Tools/GNUTools/bin/../lib/gcc/arm-none-eabi/9.2.1/../../../../arm-none-eabi/lib/thumb/v7e-m+fp/softfp/libc.a(lib_a-wcrtomb.o)
                0x000000001000713c                _wcrtomb_r
 .text.__ascii_wctomb
                0x0000000010007178       0x1c /home/eddie/MaximSDK/Tools/GNUTools/bin/../lib/gcc/arm-none-eabi/9.2.1/../../../../arm-none-eabi/lib/thumb/v7e-m+fp/softfp/libc.a(lib_a-wctomb_r.o)
                0x0000000010007178                __ascii_wctomb
 .text          0x0000000010007194      0x378 /home/eddie/MaximSDK/Tools/GNUTools/bin/../lib/gcc/arm-none-eabi/9.2.1/thumb/v7e-m+fp/softfp/libgcc.a(_arm_addsubdf3.o)
                0x0000000010007194                __aeabi_drsub
                0x000000001000719c                __aeabi_dsub
                0x000000001000719c                __subdf3
                0x00000000100071a0                __adddf3
                0x00000000100071a0                __aeabi_dadd
                0x0000000010007418                __aeabi_ui2d
                0x0000000010007418                __floatunsidf
                0x0000000010007438                __floatsidf
                0x0000000010007438                __aeabi_i2d
                0x000000001000745c                __extendsfdf2
                0x000000001000745c                __aeabi_f2d
                0x00000000100074a0                __aeabi_ul2d
                0x00000000100074a0                __floatundidf
                0x00000000100074b0                __floatdidf
                0x00000000100074b0                __aeabi_l2d
 .text          0x000000001000750c      0x424 /home/eddie/MaximSDK/Tools/GNUTools/bin/../lib/gcc/arm-none-eabi/9.2.1/thumb/v7e-m+fp/softfp/libgcc.a(_arm_muldivdf3.o)
                0x000000001000750c                __aeabi_dmul
                0x000000001000750c                __muldf3
                0x0000000010007760                __aeabi_ddiv
                0x0000000010007760                __divdf3
 .text          0x0000000010007930      0x110 /home/eddie/MaximSDK/Tools/GNUTools/bin/../lib/gcc/arm-none-eabi/9.2.1/thumb/v7e-m+fp/softfp/libgcc.a(_arm_cmpdf2.o)
                0x0000000010007930                __gtdf2
                0x0000000010007930                __gedf2
                0x0000000010007938                __ltdf2
                0x0000000010007938                __ledf2
                0x0000000010007940                __cmpdf2
                0x0000000010007940                __eqdf2
                0x0000000010007940                __nedf2
                0x00000000100079bc                __aeabi_cdrcmple
                0x00000000100079cc                __aeabi_cdcmple
                0x00000000100079cc                __aeabi_cdcmpeq
                0x00000000100079dc                __aeabi_dcmpeq
                0x00000000100079f0                __aeabi_dcmplt
                0x0000000010007a04                __aeabi_dcmple
                0x0000000010007a18                __aeabi_dcmpge
                0x0000000010007a2c                __aeabi_dcmpgt
 .text          0x0000000010007a40       0x2c /home/eddie/MaximSDK/Tools/GNUTools/bin/../lib/gcc/arm-none-eabi/9.2.1/thumb/v7e-m+fp/softfp/libgcc.a(_arm_unorddf2.o)
                0x0000000010007a40                __aeabi_dcmpun
                0x0000000010007a40                __unorddf2
 .text          0x0000000010007a6c       0x50 /home/eddie/MaximSDK/Tools/GNUTools/bin/../lib/gcc/arm-none-eabi/9.2.1/thumb/v7e-m+fp/softfp/libgcc.a(_arm_fixdfsi.o)
                0x0000000010007a6c                __fixdfsi
                0x0000000010007a6c                __aeabi_d2iz
 .text          0x0000000010007abc       0x30 /home/eddie/MaximSDK/Tools/GNUTools/bin/../lib/gcc/arm-none-eabi/9.2.1/thumb/v7e-m+fp/softfp/libgcc.a(_aeabi_uldivmod.o)
                0x0000000010007abc                __aeabi_uldivmod
 .text          0x0000000010007aec      0x2c4 /home/eddie/MaximSDK/Tools/GNUTools/bin/../lib/gcc/arm-none-eabi/9.2.1/thumb/v7e-m+fp/softfp/libgcc.a(_udivmoddi4.o)
                0x0000000010007aec                __udivmoddi4
 .text          0x0000000010007db0        0x4 /home/eddie/MaximSDK/Tools/GNUTools/bin/../lib/gcc/arm-none-eabi/9.2.1/thumb/v7e-m+fp/softfp/libgcc.a(_dvmd_tls.o)
                0x0000000010007db0                __aeabi_ldiv0
                0x0000000010007db0                __aeabi_idiv0
 *(.rodata*)
 .rodata.main.str1.1
                0x0000000010007db4      0x26c /home/eddie/Documents/MAX32655_uCShell/MAX_uCShell_FreeRTOS_ex/build/main.o
 .rodata.mxc_assert.str1.1
                0x0000000010008020       0x19 /home/eddie/Documents/MAX32655_uCShell/MAX_uCShell_FreeRTOS_ex/build/board.o
 .rodata.Board_Init.str1.1
                0x0000000010008039       0x4d /home/eddie/Documents/MAX32655_uCShell/MAX_uCShell_FreeRTOS_ex/build/board.o
 .rodata.NMI_Handler.str1.1
                0x0000000010008086        0xc /home/eddie/Documents/MAX32655_uCShell/MAX_uCShell_FreeRTOS_ex/build/board.o
 .rodata.HardFault_Handler.str1.1
                0x0000000010008092       0x12 /home/eddie/Documents/MAX32655_uCShell/MAX_uCShell_FreeRTOS_ex/build/board.o
 .rodata.led_pin
                0x00000000100080a4       0x54 /home/eddie/Documents/MAX32655_uCShell/MAX_uCShell_FreeRTOS_ex/build/board.o
                0x00000000100080a4                led_pin
 .rodata.num_leds
                0x00000000100080f8        0x4 /home/eddie/Documents/MAX32655_uCShell/MAX_uCShell_FreeRTOS_ex/build/board.o
                0x00000000100080f8                num_leds
 .rodata.num_pbs
                0x00000000100080fc        0x4 /home/eddie/Documents/MAX32655_uCShell/MAX_uCShell_FreeRTOS_ex/build/board.o
                0x00000000100080fc                num_pbs
 .rodata.pb_pin
                0x0000000010008100       0x18 /home/eddie/Documents/MAX32655_uCShell/MAX_uCShell_FreeRTOS_ex/build/board.o
                0x0000000010008100                pb_pin
 .rodata.LED_On.str1.1
                0x0000000010008118       0x58 /home/eddie/Documents/MAX32655_uCShell/MAX_uCShell_FreeRTOS_ex/build/led.o
 .rodata.gpio_cfg_uart0
                0x0000000010008170        0xc //home/eddie/MaximSDK/Libraries/PeriphDrivers/bin/MAX32655/softfp/libPeriphDriver_softfp.a(pins_me17.o)
                0x0000000010008170                gpio_cfg_uart0
 .rodata.gpio_cfg_uart1
                0x000000001000817c        0xc //home/eddie/MaximSDK/Libraries/PeriphDrivers/bin/MAX32655/softfp/libPeriphDriver_softfp.a(pins_me17.o)
                0x000000001000817c                gpio_cfg_uart1
 .rodata.gpio_cfg_uart2
                0x0000000010008188        0xc //home/eddie/MaximSDK/Libraries/PeriphDrivers/bin/MAX32655/softfp/libPeriphDriver_softfp.a(pins_me17.o)
                0x0000000010008188                gpio_cfg_uart2
 .rodata.gpio_cfg_uart3
                0x0000000010008194        0xc //home/eddie/MaximSDK/Libraries/PeriphDrivers/bin/MAX32655/softfp/libPeriphDriver_softfp.a(pins_me17.o)
                0x0000000010008194                gpio_cfg_uart3
 .rodata.MXC_GPIO_Common_Handler.str1.1
                0x00000000100081a0       0x6f //home/eddie/MaximSDK/Libraries/PeriphDrivers/bin/MAX32655/softfp/libPeriphDriver_softfp.a(gpio_common.o)
 *fill*         0x000000001000820f        0x1 
 .rodata._global_impure_ptr
                0x0000000010008210        0x4 /home/eddie/MaximSDK/Tools/GNUTools/bin/../lib/gcc/arm-none-eabi/9.2.1/../../../../arm-none-eabi/lib/thumb/v7e-m+fp/softfp/libc.a(lib_a-impure.o)
                0x0000000010008210                _global_impure_ptr
 .rodata._puts_r.str1.4
                0x0000000010008214        0x2 /home/eddie/MaximSDK/Tools/GNUTools/bin/../lib/gcc/arm-none-eabi/9.2.1/../../../../arm-none-eabi/lib/thumb/v7e-m+fp/softfp/libc.a(lib_a-puts.o)
 *fill*         0x0000000010008216        0x2 
 .rodata._vfprintf_r.str1.4
                0x0000000010008218       0x42 /home/eddie/MaximSDK/Tools/GNUTools/bin/../lib/gcc/arm-none-eabi/9.2.1/../../../../arm-none-eabi/lib/thumb/v7e-m+fp/softfp/libc.a(lib_a-vfprintf.o)
 *fill*         0x000000001000825a        0x2 
 .rodata.blanks.8723
                0x000000001000825c       0x10 /home/eddie/MaximSDK/Tools/GNUTools/bin/../lib/gcc/arm-none-eabi/9.2.1/../../../../arm-none-eabi/lib/thumb/v7e-m+fp/softfp/libc.a(lib_a-vfprintf.o)
 .rodata.zeroes.8724
                0x000000001000826c       0x10 /home/eddie/MaximSDK/Tools/GNUTools/bin/../lib/gcc/arm-none-eabi/9.2.1/../../../../arm-none-eabi/lib/thumb/v7e-m+fp/softfp/libc.a(lib_a-vfprintf.o)
 .rodata._dtoa_r.str1.4
                0x000000001000827c        0xd /home/eddie/MaximSDK/Tools/GNUTools/bin/../lib/gcc/arm-none-eabi/9.2.1/../../../../arm-none-eabi/lib/thumb/v7e-m+fp/softfp/libc.a(lib_a-dtoa.o)
                                         0x12 (size before relaxing)
 *fill*         0x0000000010008289        0x7 
 .rodata.__mprec_bigtens
                0x0000000010008290       0x28 /home/eddie/MaximSDK/Tools/GNUTools/bin/../lib/gcc/arm-none-eabi/9.2.1/../../../../arm-none-eabi/lib/thumb/v7e-m+fp/softfp/libc.a(lib_a-mprec.o)
                0x0000000010008290                __mprec_bigtens
 .rodata.__mprec_tens
                0x00000000100082b8       0xc8 /home/eddie/MaximSDK/Tools/GNUTools/bin/../lib/gcc/arm-none-eabi/9.2.1/../../../../arm-none-eabi/lib/thumb/v7e-m+fp/softfp/libc.a(lib_a-mprec.o)
                0x00000000100082b8                __mprec_tens
 .rodata.p05.7478
                0x0000000010008380        0xc /home/eddie/MaximSDK/Tools/GNUTools/bin/../lib/gcc/arm-none-eabi/9.2.1/../../../../arm-none-eabi/lib/thumb/v7e-m+fp/softfp/libc.a(lib_a-mprec.o)
 .rodata._setlocale_r.str1.4
                0x000000001000838c        0xa /home/eddie/MaximSDK/Tools/GNUTools/bin/../lib/gcc/arm-none-eabi/9.2.1/../../../../arm-none-eabi/lib/thumb/v7e-m+fp/softfp/libc.a(lib_a-locale.o)
                                          0xd (size before relaxing)
 *fill*         0x0000000010008396        0x2 
 .rodata.str1.4
                0x0000000010008398        0x2 /home/eddie/MaximSDK/Tools/GNUTools/bin/../lib/gcc/arm-none-eabi/9.2.1/../../../../arm-none-eabi/lib/thumb/v7e-m+fp/softfp/libc.a(lib_a-locale.o)
 *fill*         0x000000001000839a        0x2 
 .rodata._ctype_
                0x000000001000839c      0x101 /home/eddie/MaximSDK/Tools/GNUTools/bin/../lib/gcc/arm-none-eabi/9.2.1/../../../../arm-none-eabi/lib/thumb/v7e-m+fp/softfp/libc.a(lib_a-ctype_.o)
                0x000000001000839c                _ctype_
 *(.init)
 *fill*         0x000000001000849d        0x3 
 .init          0x00000000100084a0        0x4 /home/eddie/MaximSDK/Tools/GNUTools/bin/../lib/gcc/arm-none-eabi/9.2.1/thumb/v7e-m+fp/softfp/crti.o
                0x00000000100084a0                _init
 .init          0x00000000100084a4        0x8 /home/eddie/MaximSDK/Tools/GNUTools/bin/../lib/gcc/arm-none-eabi/9.2.1/thumb/v7e-m+fp/softfp/crtn.o
 *(.fini)
 .fini          0x00000000100084ac        0x4 /home/eddie/MaximSDK/Tools/GNUTools/bin/../lib/gcc/arm-none-eabi/9.2.1/thumb/v7e-m+fp/softfp/crti.o
                0x00000000100084ac                _fini
 .fini          0x00000000100084b0        0x8 /home/eddie/MaximSDK/Tools/GNUTools/bin/../lib/gcc/arm-none-eabi/9.2.1/thumb/v7e-m+fp/softfp/crtn.o
 *(.eh_frame*)
 .eh_frame      0x00000000100084b8        0x0 /home/eddie/MaximSDK/Tools/GNUTools/bin/../lib/gcc/arm-none-eabi/9.2.1/thumb/v7e-m+fp/softfp/crtbegin.o
 .eh_frame      0x00000000100084b8        0x4 /home/eddie/MaximSDK/Tools/GNUTools/bin/../lib/gcc/arm-none-eabi/9.2.1/thumb/v7e-m+fp/softfp/crtend.o
                0x00000000100084bc                _etext = .

.glue_7         0x00000000100084bc        0x0
 .glue_7        0x00000000100084bc        0x0 linker stubs

.glue_7t        0x00000000100084bc        0x0
 .glue_7t       0x00000000100084bc        0x0 linker stubs

.vfp11_veneer   0x00000000100084bc        0x0
 .vfp11_veneer  0x00000000100084bc        0x0 linker stubs

.v4_bx          0x00000000100084bc        0x0
 .v4_bx         0x00000000100084bc        0x0 linker stubs

.iplt           0x00000000100084bc        0x0
 .iplt          0x00000000100084bc        0x0 /home/eddie/MaximSDK/Tools/GNUTools/bin/../lib/gcc/arm-none-eabi/9.2.1/thumb/v7e-m+fp/softfp/crtbegin.o

.bin_storage    0x00000000100084bc        0x0
 FILL mask 0xff
                0x00000000100084bc                _bin_start_ = .
 *(.bin_storage_img)
                0x00000000100084bc                _bin_end_ = .
                0x00000000100084bc                . = ALIGN (0x4)

.rom_code       0x0000000000000000        0x0
                0x0000000000000000                . = ALIGN (0x10)
                0x0000000020000000                _sran_code = .
 *(.rom_code_section)
                0x0000000020000000                _esran_code = .

.flash_code     0x00000000100084bc        0x4
                0x00000000100084c0                . = ALIGN (0x10)
 *fill*         0x00000000100084bc        0x4 
                0x0000000020000000                _sran_code = .
 *(.flash_code_section)
                0x0000000020000000                _esran_code = .

.sram_code      0x0000000020000000        0x0
                0x0000000020000000                . = ALIGN (0x10)
                0x0000000020000000                _sran_code = .
 *(.sram_code_section)
                0x0000000020000000                _esran_code = .

.ARM.exidx      0x00000000100084c0        0x8
                0x00000000100084c0                __exidx_start = .
 *(.ARM.exidx*)
 .ARM.exidx     0x00000000100084c0        0x8 /home/eddie/MaximSDK/Tools/GNUTools/bin/../lib/gcc/arm-none-eabi/9.2.1/thumb/v7e-m+fp/softfp/libgcc.a(_udivmoddi4.o)
                0x00000000100084c8                __exidx_end = .

.rel.dyn        0x00000000100084c8        0x0
 .rel.iplt      0x00000000100084c8        0x0 /home/eddie/MaximSDK/Tools/GNUTools/bin/../lib/gcc/arm-none-eabi/9.2.1/thumb/v7e-m+fp/softfp/crtbegin.o

.data           0x0000000020000000      0x9c4 load address 0x00000000100084c8
                0x0000000020000000                _data = ALIGN (., 0x4)
 *(.data*)
 .data.ConsoleUart
                0x0000000020000000        0x4 /home/eddie/Documents/MAX32655_uCShell/MAX_uCShell_FreeRTOS_ex/build/board.o
                0x0000000020000000                ConsoleUart
 .data.SystemCoreClock
                0x0000000020000004        0x4 /home/eddie/Documents/MAX32655_uCShell/MAX_uCShell_FreeRTOS_ex/build/system_max32655.o
                0x0000000020000004                SystemCoreClock
 .data.overflows
                0x0000000020000008        0x4 //home/eddie/MaximSDK/Libraries/PeriphDrivers/bin/MAX32655/softfp/libPeriphDriver_softfp.a(mxc_delay.o)
 .data._impure_ptr
                0x000000002000000c        0x4 /home/eddie/MaximSDK/Tools/GNUTools/bin/../lib/gcc/arm-none-eabi/9.2.1/../../../../arm-none-eabi/lib/thumb/v7e-m+fp/softfp/libc.a(lib_a-impure.o)
                0x000000002000000c                _impure_ptr
 .data.impure_data
                0x0000000020000010      0x428 /home/eddie/MaximSDK/Tools/GNUTools/bin/../lib/gcc/arm-none-eabi/9.2.1/../../../../arm-none-eabi/lib/thumb/v7e-m+fp/softfp/libc.a(lib_a-impure.o)
 .data.__atexit_recursive_mutex
                0x0000000020000438        0x4 /home/eddie/MaximSDK/Tools/GNUTools/bin/../lib/gcc/arm-none-eabi/9.2.1/../../../../arm-none-eabi/lib/thumb/v7e-m+fp/softfp/libc.a(lib_a-__call_atexit.o)
                0x0000000020000438                __atexit_recursive_mutex
 .data.__malloc_av_
                0x000000002000043c      0x408 /home/eddie/MaximSDK/Tools/GNUTools/bin/../lib/gcc/arm-none-eabi/9.2.1/../../../../arm-none-eabi/lib/thumb/v7e-m+fp/softfp/libc.a(lib_a-mallocr.o)
                0x000000002000043c                __malloc_av_
 .data.__malloc_sbrk_base
                0x0000000020000844        0x4 /home/eddie/MaximSDK/Tools/GNUTools/bin/../lib/gcc/arm-none-eabi/9.2.1/../../../../arm-none-eabi/lib/thumb/v7e-m+fp/softfp/libc.a(lib_a-mallocr.o)
                0x0000000020000844                __malloc_sbrk_base
 .data.__malloc_trim_threshold
                0x0000000020000848        0x4 /home/eddie/MaximSDK/Tools/GNUTools/bin/../lib/gcc/arm-none-eabi/9.2.1/../../../../arm-none-eabi/lib/thumb/v7e-m+fp/softfp/libc.a(lib_a-mallocr.o)
                0x0000000020000848                __malloc_trim_threshold
 .data.__global_locale
                0x000000002000084c      0x16c /home/eddie/MaximSDK/Tools/GNUTools/bin/../lib/gcc/arm-none-eabi/9.2.1/../../../../arm-none-eabi/lib/thumb/v7e-m+fp/softfp/libc.a(lib_a-locale.o)
                0x000000002000084c                __global_locale
 *(.flashprog*)
                0x00000000200009b8                . = ALIGN (0x4)
                0x00000000200009b8                PROVIDE (__preinit_array_start = .)
 *(.preinit_array)
                0x00000000200009b8                PROVIDE (__preinit_array_end = .)
                0x00000000200009b8                . = ALIGN (0x4)
                0x00000000200009b8                PROVIDE (__init_array_start = .)
 *(SORT_BY_NAME(.init_array.*))
 .init_array.00000
                0x00000000200009b8        0x4 /home/eddie/MaximSDK/Tools/GNUTools/bin/../lib/gcc/arm-none-eabi/9.2.1/../../../../arm-none-eabi/lib/thumb/v7e-m+fp/softfp/libc.a(lib_a-__call_atexit.o)
 *(.init_array)
 .init_array    0x00000000200009bc        0x4 /home/eddie/MaximSDK/Tools/GNUTools/bin/../lib/gcc/arm-none-eabi/9.2.1/thumb/v7e-m+fp/softfp/crtbegin.o
                0x00000000200009c0                PROVIDE (__init_array_end = .)
                0x00000000200009c0                . = ALIGN (0x4)
                0x00000000200009c0                PROVIDE (__fini_array_start = .)
 *(SORT_BY_NAME(.fini_array.*))
 *(.fini_array)
 .fini_array    0x00000000200009c0        0x4 /home/eddie/MaximSDK/Tools/GNUTools/bin/../lib/gcc/arm-none-eabi/9.2.1/thumb/v7e-m+fp/softfp/crtbegin.o
                0x00000000200009c4                PROVIDE (__fini_array_end = .)
                0x00000000200009c4                _edata = ALIGN (., 0x4)
                0x00000000100084c8                __load_data = LOADADDR (.data)

.igot.plt       0x00000000200009c4        0x0 load address 0x0000000010008e8c
 .igot.plt      0x00000000200009c4        0x0 /home/eddie/MaximSDK/Tools/GNUTools/bin/../lib/gcc/arm-none-eabi/9.2.1/thumb/v7e-m+fp/softfp/crtbegin.o

.bss            0x0000000020000a00      0x868 load address 0x0000000010008e8c
                0x0000000020000a00                . = ALIGN (0x4)
                0x0000000020000a00                _bss = .
 *(.bss*)
 .bss           0x0000000020000a00       0x1c /home/eddie/MaximSDK/Tools/GNUTools/bin/../lib/gcc/arm-none-eabi/9.2.1/thumb/v7e-m+fp/softfp/crtbegin.o
 .bss.heap_end  0x0000000020000a1c        0x4 /home/eddie/Documents/MAX32655_uCShell/MAX_uCShell_FreeRTOS_ex/build/heap.o
 .bss.cbFunc    0x0000000020000a20        0x4 //home/eddie/MaximSDK/Libraries/PeriphDrivers/bin/MAX32655/softfp/libPeriphDriver_softfp.a(mxc_delay.o)
 .bss.ctrl_save
                0x0000000020000a24        0x4 //home/eddie/MaximSDK/Libraries/PeriphDrivers/bin/MAX32655/softfp/libPeriphDriver_softfp.a(mxc_delay.o)
 .bss.endtick   0x0000000020000a28        0x4 //home/eddie/MaximSDK/Libraries/PeriphDrivers/bin/MAX32655/softfp/libPeriphDriver_softfp.a(mxc_delay.o)
 *fill*         0x0000000020000a2c      0x1d4 
 .bss.ramVectorTable
                0x0000000020000c00      0x1e0 //home/eddie/MaximSDK/Libraries/PeriphDrivers/bin/MAX32655/softfp/libPeriphDriver_softfp.a(nvic_table.o)
 .bss.AsyncRxRequests
                0x0000000020000de0       0x10 //home/eddie/MaximSDK/Libraries/PeriphDrivers/bin/MAX32655/softfp/libPeriphDriver_softfp.a(uart_revb.o)
 .bss.AsyncTxRequests
                0x0000000020000df0       0x10 //home/eddie/MaximSDK/Libraries/PeriphDrivers/bin/MAX32655/softfp/libPeriphDriver_softfp.a(uart_revb.o)
 .bss.callback  0x0000000020000e00      0x200 //home/eddie/MaximSDK/Libraries/PeriphDrivers/bin/MAX32655/softfp/libPeriphDriver_softfp.a(gpio_common.o)
 .bss.cbparam   0x0000000020001000      0x200 //home/eddie/MaximSDK/Libraries/PeriphDrivers/bin/MAX32655/softfp/libPeriphDriver_softfp.a(gpio_common.o)
 .bss.initialized
                0x0000000020001200        0x1 //home/eddie/MaximSDK/Libraries/PeriphDrivers/bin/MAX32655/softfp/libPeriphDriver_softfp.a(gpio_common.o)
 *fill*         0x0000000020001201        0x3 
 .bss.__malloc_current_mallinfo
                0x0000000020001204       0x28 /home/eddie/MaximSDK/Tools/GNUTools/bin/../lib/gcc/arm-none-eabi/9.2.1/../../../../arm-none-eabi/lib/thumb/v7e-m+fp/softfp/libc.a(lib_a-mallocr.o)
                0x0000000020001204                __malloc_current_mallinfo
 .bss.__malloc_max_sbrked_mem
                0x000000002000122c        0x4 /home/eddie/MaximSDK/Tools/GNUTools/bin/../lib/gcc/arm-none-eabi/9.2.1/../../../../arm-none-eabi/lib/thumb/v7e-m+fp/softfp/libc.a(lib_a-mallocr.o)
                0x000000002000122c                __malloc_max_sbrked_mem
 .bss.__malloc_max_total_mem
                0x0000000020001230        0x4 /home/eddie/MaximSDK/Tools/GNUTools/bin/../lib/gcc/arm-none-eabi/9.2.1/../../../../arm-none-eabi/lib/thumb/v7e-m+fp/softfp/libc.a(lib_a-mallocr.o)
                0x0000000020001230                __malloc_max_total_mem
 .bss.__malloc_top_pad
                0x0000000020001234        0x4 /home/eddie/MaximSDK/Tools/GNUTools/bin/../lib/gcc/arm-none-eabi/9.2.1/../../../../arm-none-eabi/lib/thumb/v7e-m+fp/softfp/libc.a(lib_a-mallocr.o)
                0x0000000020001234                __malloc_top_pad
 *(COMMON)
 COMMON         0x0000000020001238        0x8 /home/eddie/Documents/MAX32655_uCShell/MAX_uCShell_FreeRTOS_ex/build/main.o
                0x0000000020001238                READ_FLAG
                0x000000002000123c                DMA_FLAG
 COMMON         0x0000000020001240       0x21 /home/eddie/MaximSDK/Tools/GNUTools/bin/../lib/gcc/arm-none-eabi/9.2.1/../../../../arm-none-eabi/lib/thumb/v7e-m+fp/softfp/libc.a(lib_a-lock.o)
                0x0000000020001240                __lock___atexit_recursive_mutex
                0x0000000020001244                __lock___arc4random_mutex
                0x0000000020001248                __lock___env_recursive_mutex
                0x000000002000124c                __lock___sinit_recursive_mutex
                0x0000000020001250                __lock___malloc_recursive_mutex
                0x0000000020001254                __lock___at_quick_exit_mutex
                0x0000000020001258                __lock___dd_hash_mutex
                0x000000002000125c                __lock___tz_mutex
                0x0000000020001260                __lock___sfp_recursive_mutex
 *fill*         0x0000000020001261        0x3 
 COMMON         0x0000000020001264        0x4 /home/eddie/MaximSDK/Tools/GNUTools/bin/../lib/gcc/arm-none-eabi/9.2.1/../../../../arm-none-eabi/lib/thumb/v7e-m+fp/softfp/libc.a(lib_a-reent.o)
                0x0000000020001264                errno
                0x0000000020001268                _ebss = ALIGN (., 0x4)

.pal_nvm_db     0x0000000010080000        0x0
                0x0000000010080000                . = ALIGN (0x2000)
                0x0000000010080000                __pal_nvm_db_start__ = .
                0x0000000010080000                . = (. + _PAL_NVM_SIZE)
                0x0000000010080000                __pal_nvm_db_end__ = .

.riscv_flash
 *riscv.o()

.shared         0x0000000020001268        0x0
                0x0000000020001268                . = ALIGN (0x4)
                0x0000000020001268                _shared = .
 *(.mailbox*)
                0x0000000020001268                . = ALIGN (0x4)
 *(.shared*)
                0x0000000020001268                _eshared = ALIGN (., 0x4)
                0x0000000020001268                __shared_data = LOADADDR (.shared)
                0x0000000020020000                __StackTop = (ORIGIN (SRAM) + LENGTH (SRAM))
                0x000000002001f000                __StackLimit = (__StackTop - SIZEOF (.stack_dummy))

.stack_dummy    0x0000000020001268     0x1000
 *(.stack*)
 .stack         0x0000000020001268     0x1000 /home/eddie/Documents/MAX32655_uCShell/MAX_uCShell_FreeRTOS_ex/build/startup_max32655.o

.heap           0x0000000020001268      0xc00
                0x0000000020001268                . = ALIGN (0x4)
 *(.heap*)
 .heap          0x0000000020001268      0xc00 /home/eddie/Documents/MAX32655_uCShell/MAX_uCShell_FreeRTOS_ex/build/startup_max32655.o
                0x0000000020001268                __HeapBase
                0x000000002001f000                __HeapLimit = ABSOLUTE (__StackLimit)

.mailbox_0      0x0000000020020000        0x0
                0x0000000020020000                _mailbox_0 = ALIGN (., 0x4)
 *(.mailbox_0*)
                0x0000000020020000                . = (. + _MAILBOX_SIZE)
                0x0000000020020000                _emailbox_0 = ALIGN (., 0x4)

.mailbox_1      0x0000000020020000        0x0
                0x0000000020020000                _mailbox_1 = ALIGN (., 0x4)
 *(.mailbox_1*)
                0x0000000020020000                . = (. + _MAILBOX_SIZE)
                0x0000000020020000                _emailbox_1 = ALIGN (., 0x4)
                0x0000000020020000                PROVIDE (__stack = __StackTop)
                0x0000000000000001                ASSERT ((__StackLimit >= _ebss), region RAM overflowed with stack)
OUTPUT(/home/eddie/Documents/MAX32655_uCShell/MAX_uCShell_FreeRTOS_ex/build/MAX_uCShell_FreeRTOS_ex.elf elf32-littlearm)

.ARM.attributes
                0x0000000000000000       0x2e
 .ARM.attributes
                0x0000000000000000       0x1e /home/eddie/MaximSDK/Tools/GNUTools/bin/../lib/gcc/arm-none-eabi/9.2.1/thumb/v7e-m+fp/softfp/crti.o
 .ARM.attributes
                0x000000000000001e       0x32 /home/eddie/MaximSDK/Tools/GNUTools/bin/../lib/gcc/arm-none-eabi/9.2.1/thumb/v7e-m+fp/softfp/crtbegin.o
 .ARM.attributes
                0x0000000000000050       0x32 /home/eddie/Documents/MAX32655_uCShell/MAX_uCShell_FreeRTOS_ex/build/main.o
 .ARM.attributes
                0x0000000000000082       0x32 /home/eddie/Documents/MAX32655_uCShell/MAX_uCShell_FreeRTOS_ex/build/board.o
 .ARM.attributes
                0x00000000000000b4       0x32 /home/eddie/Documents/MAX32655_uCShell/MAX_uCShell_FreeRTOS_ex/build/stdio.o
 .ARM.attributes
                0x00000000000000e6       0x32 /home/eddie/Documents/MAX32655_uCShell/MAX_uCShell_FreeRTOS_ex/build/led.o
 .ARM.attributes
                0x0000000000000118       0x32 /home/eddie/Documents/MAX32655_uCShell/MAX_uCShell_FreeRTOS_ex/build/pb.o
 .ARM.attributes
                0x000000000000014a       0x1b /home/eddie/Documents/MAX32655_uCShell/MAX_uCShell_FreeRTOS_ex/build/startup_max32655.o
 .ARM.attributes
                0x0000000000000165       0x32 /home/eddie/Documents/MAX32655_uCShell/MAX_uCShell_FreeRTOS_ex/build/heap.o
 .ARM.attributes
                0x0000000000000197       0x32 /home/eddie/Documents/MAX32655_uCShell/MAX_uCShell_FreeRTOS_ex/build/system_max32655.o
 .ARM.attributes
                0x00000000000001c9       0x32 //home/eddie/MaximSDK/Libraries/PeriphDrivers/bin/MAX32655/softfp/libPeriphDriver_softfp.a(mxc_delay.o)
 .ARM.attributes
                0x00000000000001fb       0x32 //home/eddie/MaximSDK/Libraries/PeriphDrivers/bin/MAX32655/softfp/libPeriphDriver_softfp.a(sys_me17.o)
 .ARM.attributes
                0x000000000000022d       0x32 //home/eddie/MaximSDK/Libraries/PeriphDrivers/bin/MAX32655/softfp/libPeriphDriver_softfp.a(nvic_table.o)
 .ARM.attributes
                0x000000000000025f       0x32 //home/eddie/MaximSDK/Libraries/PeriphDrivers/bin/MAX32655/softfp/libPeriphDriver_softfp.a(gpio_me17.o)
 .ARM.attributes
                0x0000000000000291       0x32 //home/eddie/MaximSDK/Libraries/PeriphDrivers/bin/MAX32655/softfp/libPeriphDriver_softfp.a(gpio_reva.o)
 .ARM.attributes
                0x00000000000002c3       0x32 //home/eddie/MaximSDK/Libraries/PeriphDrivers/bin/MAX32655/softfp/libPeriphDriver_softfp.a(icc_me17.o)
 .ARM.attributes
                0x00000000000002f5       0x32 //home/eddie/MaximSDK/Libraries/PeriphDrivers/bin/MAX32655/softfp/libPeriphDriver_softfp.a(icc_reva.o)
 .ARM.attributes
                0x0000000000000327       0x32 //home/eddie/MaximSDK/Libraries/PeriphDrivers/bin/MAX32655/softfp/libPeriphDriver_softfp.a(uart_me17.o)
 .ARM.attributes
                0x0000000000000359       0x32 //home/eddie/MaximSDK/Libraries/PeriphDrivers/bin/MAX32655/softfp/libPeriphDriver_softfp.a(uart_revb.o)
 .ARM.attributes
                0x000000000000038b       0x37 //home/eddie/MaximSDK/Libraries/PeriphDrivers/bin/MAX32655/softfp/libPeriphDriver_softfp.a(pins_me17.o)
 .ARM.attributes
                0x00000000000003c2       0x32 //home/eddie/MaximSDK/Libraries/PeriphDrivers/bin/MAX32655/softfp/libPeriphDriver_softfp.a(gpio_common.o)
 .ARM.attributes
                0x00000000000003f4       0x32 //home/eddie/MaximSDK/Libraries/PeriphDrivers/bin/MAX32655/softfp/libPeriphDriver_softfp.a(uart_common.o)
 .ARM.attributes
                0x0000000000000426       0x32 /home/eddie/MaximSDK/Tools/GNUTools/bin/../lib/gcc/arm-none-eabi/9.2.1/../../../../arm-none-eabi/lib/thumb/v7e-m+fp/softfp/libc.a(lib_a-errno.o)
 .ARM.attributes
                0x0000000000000458       0x30 /home/eddie/MaximSDK/Tools/GNUTools/bin/../lib/gcc/arm-none-eabi/9.2.1/../../../../arm-none-eabi/lib/thumb/v7e-m+fp/softfp/libc.a(lib_a-impure.o)
 .ARM.attributes
                0x0000000000000488       0x32 /home/eddie/MaximSDK/Tools/GNUTools/bin/../lib/gcc/arm-none-eabi/9.2.1/../../../../arm-none-eabi/lib/thumb/v7e-m+fp/softfp/libc.a(lib_a-init.o)
 .ARM.attributes
                0x00000000000004ba       0x32 /home/eddie/MaximSDK/Tools/GNUTools/bin/../lib/gcc/arm-none-eabi/9.2.1/../../../../arm-none-eabi/lib/thumb/v7e-m+fp/softfp/libc.a(lib_a-memcmp.o)
 .ARM.attributes
                0x00000000000004ec       0x1c /home/eddie/MaximSDK/Tools/GNUTools/bin/../lib/gcc/arm-none-eabi/9.2.1/../../../../arm-none-eabi/lib/thumb/v7e-m+fp/softfp/libc.a(lib_a-memcpy.o)
 .ARM.attributes
                0x0000000000000508       0x32 /home/eddie/MaximSDK/Tools/GNUTools/bin/../lib/gcc/arm-none-eabi/9.2.1/../../../../arm-none-eabi/lib/thumb/v7e-m+fp/softfp/libc.a(lib_a-memset.o)
 .ARM.attributes
                0x000000000000053a       0x32 /home/eddie/MaximSDK/Tools/GNUTools/bin/../lib/gcc/arm-none-eabi/9.2.1/../../../../arm-none-eabi/lib/thumb/v7e-m+fp/softfp/libc.a(lib_a-printf.o)
 .ARM.attributes
                0x000000000000056c       0x32 /home/eddie/MaximSDK/Tools/GNUTools/bin/../lib/gcc/arm-none-eabi/9.2.1/../../../../arm-none-eabi/lib/thumb/v7e-m+fp/softfp/libc.a(lib_a-putchar.o)
 .ARM.attributes
                0x000000000000059e       0x32 /home/eddie/MaximSDK/Tools/GNUTools/bin/../lib/gcc/arm-none-eabi/9.2.1/../../../../arm-none-eabi/lib/thumb/v7e-m+fp/softfp/libc.a(lib_a-puts.o)
 .ARM.attributes
                0x00000000000005d0       0x1c /home/eddie/MaximSDK/Tools/GNUTools/bin/../lib/gcc/arm-none-eabi/9.2.1/../../../../arm-none-eabi/lib/thumb/v7e-m+fp/softfp/libc.a(lib_a-strlen.o)
 .ARM.attributes
                0x00000000000005ec       0x32 /home/eddie/MaximSDK/Tools/GNUTools/bin/../lib/gcc/arm-none-eabi/9.2.1/../../../../arm-none-eabi/lib/thumb/v7e-m+fp/softfp/libc.a(lib_a-vfprintf.o)
 .ARM.attributes
                0x000000000000061e       0x32 /home/eddie/MaximSDK/Tools/GNUTools/bin/../lib/gcc/arm-none-eabi/9.2.1/../../../../arm-none-eabi/lib/thumb/v7e-m+fp/softfp/libc.a(lib_a-wsetup.o)
 .ARM.attributes
                0x0000000000000650       0x32 /home/eddie/MaximSDK/Tools/GNUTools/bin/../lib/gcc/arm-none-eabi/9.2.1/../../../../arm-none-eabi/lib/thumb/v7e-m+fp/softfp/libc.a(lib_a-__call_atexit.o)
 .ARM.attributes
                0x0000000000000682       0x32 /home/eddie/MaximSDK/Tools/GNUTools/bin/../lib/gcc/arm-none-eabi/9.2.1/../../../../arm-none-eabi/lib/thumb/v7e-m+fp/softfp/libc.a(lib_a-atexit.o)
 .ARM.attributes
                0x00000000000006b4       0x32 /home/eddie/MaximSDK/Tools/GNUTools/bin/../lib/gcc/arm-none-eabi/9.2.1/../../../../arm-none-eabi/lib/thumb/v7e-m+fp/softfp/libc.a(lib_a-dtoa.o)
 .ARM.attributes
                0x00000000000006e6       0x32 /home/eddie/MaximSDK/Tools/GNUTools/bin/../lib/gcc/arm-none-eabi/9.2.1/../../../../arm-none-eabi/lib/thumb/v7e-m+fp/softfp/libc.a(lib_a-fflush.o)
 .ARM.attributes
                0x0000000000000718       0x32 /home/eddie/MaximSDK/Tools/GNUTools/bin/../lib/gcc/arm-none-eabi/9.2.1/../../../../arm-none-eabi/lib/thumb/v7e-m+fp/softfp/libc.a(lib_a-findfp.o)
 .ARM.attributes
                0x000000000000074a       0x32 /home/eddie/MaximSDK/Tools/GNUTools/bin/../lib/gcc/arm-none-eabi/9.2.1/../../../../arm-none-eabi/lib/thumb/v7e-m+fp/softfp/libc.a(lib_a-fini.o)
 .ARM.attributes
                0x000000000000077c       0x32 /home/eddie/MaximSDK/Tools/GNUTools/bin/../lib/gcc/arm-none-eabi/9.2.1/../../../../arm-none-eabi/lib/thumb/v7e-m+fp/softfp/libc.a(lib_a-freer.o)
 .ARM.attributes
                0x00000000000007ae       0x32 /home/eddie/MaximSDK/Tools/GNUTools/bin/../lib/gcc/arm-none-eabi/9.2.1/../../../../arm-none-eabi/lib/thumb/v7e-m+fp/softfp/libc.a(lib_a-fvwrite.o)
 .ARM.attributes
                0x00000000000007e0       0x32 /home/eddie/MaximSDK/Tools/GNUTools/bin/../lib/gcc/arm-none-eabi/9.2.1/../../../../arm-none-eabi/lib/thumb/v7e-m+fp/softfp/libc.a(lib_a-fwalk.o)
 .ARM.attributes
                0x0000000000000812       0x32 /home/eddie/MaximSDK/Tools/GNUTools/bin/../lib/gcc/arm-none-eabi/9.2.1/../../../../arm-none-eabi/lib/thumb/v7e-m+fp/softfp/libc.a(lib_a-localeconv.o)
 .ARM.attributes
                0x0000000000000844       0x32 /home/eddie/MaximSDK/Tools/GNUTools/bin/../lib/gcc/arm-none-eabi/9.2.1/../../../../arm-none-eabi/lib/thumb/v7e-m+fp/softfp/libc.a(lib_a-lock.o)
 .ARM.attributes
                0x0000000000000876       0x32 /home/eddie/MaximSDK/Tools/GNUTools/bin/../lib/gcc/arm-none-eabi/9.2.1/../../../../arm-none-eabi/lib/thumb/v7e-m+fp/softfp/libc.a(lib_a-makebuf.o)
 .ARM.attributes
                0x00000000000008a8       0x32 /home/eddie/MaximSDK/Tools/GNUTools/bin/../lib/gcc/arm-none-eabi/9.2.1/../../../../arm-none-eabi/lib/thumb/v7e-m+fp/softfp/libc.a(lib_a-mallocr.o)
 .ARM.attributes
                0x00000000000008da       0x1c /home/eddie/MaximSDK/Tools/GNUTools/bin/../lib/gcc/arm-none-eabi/9.2.1/../../../../arm-none-eabi/lib/thumb/v7e-m+fp/softfp/libc.a(lib_a-memchr.o)
 .ARM.attributes
                0x00000000000008f6       0x32 /home/eddie/MaximSDK/Tools/GNUTools/bin/../lib/gcc/arm-none-eabi/9.2.1/../../../../arm-none-eabi/lib/thumb/v7e-m+fp/softfp/libc.a(lib_a-memmove.o)
 .ARM.attributes
                0x0000000000000928       0x32 /home/eddie/MaximSDK/Tools/GNUTools/bin/../lib/gcc/arm-none-eabi/9.2.1/../../../../arm-none-eabi/lib/thumb/v7e-m+fp/softfp/libc.a(lib_a-mlock.o)
 .ARM.attributes
                0x000000000000095a       0x32 /home/eddie/MaximSDK/Tools/GNUTools/bin/../lib/gcc/arm-none-eabi/9.2.1/../../../../arm-none-eabi/lib/thumb/v7e-m+fp/softfp/libc.a(lib_a-mprec.o)
 .ARM.attributes
                0x000000000000098c       0x32 /home/eddie/MaximSDK/Tools/GNUTools/bin/../lib/gcc/arm-none-eabi/9.2.1/../../../../arm-none-eabi/lib/thumb/v7e-m+fp/softfp/libc.a(lib_a-putc.o)
 .ARM.attributes
                0x00000000000009be       0x32 /home/eddie/MaximSDK/Tools/GNUTools/bin/../lib/gcc/arm-none-eabi/9.2.1/../../../../arm-none-eabi/lib/thumb/v7e-m+fp/softfp/libc.a(lib_a-reallocr.o)
 .ARM.attributes
                0x00000000000009f0       0x32 /home/eddie/MaximSDK/Tools/GNUTools/bin/../lib/gcc/arm-none-eabi/9.2.1/../../../../arm-none-eabi/lib/thumb/v7e-m+fp/softfp/libc.a(lib_a-s_frexp.o)
 .ARM.attributes
                0x0000000000000a22       0x32 /home/eddie/MaximSDK/Tools/GNUTools/bin/../lib/gcc/arm-none-eabi/9.2.1/../../../../arm-none-eabi/lib/thumb/v7e-m+fp/softfp/libc.a(lib_a-sbrkr.o)
 .ARM.attributes